C:/Users/fabia/.st_workbench/projects/STEVAL-ESC001V1/Src/mc_tasks_sixstep.c:344:13:SIX_STEP_Clear	24	static
C:/Users/fabia/.st_workbench/projects/STEVAL-ESC001V1/Src/mc_tasks_sixstep.c:76:13:SIX_STEP_Init	8	static
C:/Users/fabia/.st_workbench/projects/STEVAL-ESC001V1/Src/mc_tasks_sixstep.c:118:6:TSK_MF_StopProcessing	8	static
C:/Users/fabia/.st_workbench/projects/STEVAL-ESC001V1/Src/mc_tasks_sixstep.c:133:13:TSK_MediumFrequencyTaskM1	24	static
C:/Users/fabia/.st_workbench/projects/STEVAL-ESC001V1/Src/mc_tasks_sixstep.c:377:13:TSK_SpeedTIM_task	8	static
