C:/Users/fabia/.st_workbench/projects/STEVAL-ESC001V1/Src/pwmc_sixstep.c:58:13:PWMC_Init	8	static
C:/Users/fabia/.st_workbench/projects/STEVAL-ESC001V1/Src/pwmc_sixstep.c:92:13:PWMC_SetPhaseVoltage	0	static
C:/Users/fabia/.st_workbench/projects/STEVAL-ESC001V1/Src/pwmc_sixstep.c:116:13:PWMC_LoadNextStep	12	static
C:/Users/fabia/.st_workbench/projects/STEVAL-ESC001V1/Src/pwmc_sixstep.c:183:13:PWMC_TurnOnLowSides	4	static
C:/Users/fabia/.st_workbench/projects/STEVAL-ESC001V1/Src/pwmc_sixstep.c:219:13:PWMC_SwitchOnPWM	0	static
C:/Users/fabia/.st_workbench/projects/STEVAL-ESC001V1/Src/pwmc_sixstep.c:259:13:PWMC_SetADCTriggerChannel	0	static
C:/Users/fabia/.st_workbench/projects/STEVAL-ESC001V1/Src/pwmc_sixstep.c:285:13:PWMC_SwitchOffPWM	0	static
C:/Users/fabia/.st_workbench/projects/STEVAL-ESC001V1/Src/pwmc_sixstep.c:317:6:PWMC_ForceNextStep	0	static
C:/Users/fabia/.st_workbench/projects/STEVAL-ESC001V1/Src/pwmc_sixstep.c:364:10:PWMC_IsFaultOccurred	0	static
C:/Users/fabia/.st_workbench/projects/STEVAL-ESC001V1/Src/pwmc_sixstep.c:410:9:PWMC_GetLSModConfig	0	static
C:/Users/fabia/.st_workbench/projects/STEVAL-ESC001V1/Src/pwmc_sixstep.c:431:6:PWMC_SetLSModConfig	0	static
C:/Users/fabia/.st_workbench/projects/STEVAL-ESC001V1/Src/pwmc_sixstep.c:465:6:PWMC_SetQuasiSynchState	0	static
