C:/Users/fabia/.st_workbench/projects/STEVAL-ESC001V1/Src/stm32f3xx_hal_msp.c:68:6:HAL_MspInit	8	static
C:/Users/fabia/.st_workbench/projects/STEVAL-ESC001V1/Src/stm32f3xx_hal_msp.c:95:6:HAL_ADC_MspInit	56	static
C:/Users/fabia/.st_workbench/projects/STEVAL-ESC001V1/Src/stm32f3xx_hal_msp.c:178:6:HAL_ADC_MspDeInit	8	static
C:/Users/fabia/.st_workbench/projects/STEVAL-ESC001V1/Src/stm32f3xx_hal_msp.c:254:6:HAL_TIM_Base_MspInit	8	static
C:/Users/fabia/.st_workbench/projects/STEVAL-ESC001V1/Src/stm32f3xx_hal_msp.c:281:6:HAL_TIM_MspPostInit	48	static
C:/Users/fabia/.st_workbench/projects/STEVAL-ESC001V1/Src/stm32f3xx_hal_msp.c:333:6:HAL_TIM_Base_MspDeInit	8	static
C:/Users/fabia/.st_workbench/projects/STEVAL-ESC001V1/Src/stm32f3xx_hal_msp.c:373:6:HAL_UART_MspInit	48	static
C:/Users/fabia/.st_workbench/projects/STEVAL-ESC001V1/Src/stm32f3xx_hal_msp.c:443:6:HAL_UART_MspDeInit	8	static
