Archive member included to satisfy reference by file (symbol)

C:/ST/STM32CubeIDE_1.16.1/STM32CubeIDE/plugins/com.st.stm32cube.ide.mcu.externaltools.gnu-tools-for-stm32.13.3.rel1.win32_1.0.0.202411081344/tools/bin/../lib/gcc/arm-none-eabi/13.3.1/../../../../arm-none-eabi/lib/thumb/v7e-m+fp/hard\libc_nano.a(libc_a-exit.o)
                              C:/ST/STM32CubeIDE_1.16.1/STM32CubeIDE/plugins/com.st.stm32cube.ide.mcu.externaltools.gnu-tools-for-stm32.13.3.rel1.win32_1.0.0.202411081344/tools/bin/../lib/gcc/arm-none-eabi/13.3.1/../../../../arm-none-eabi/lib/thumb/v7e-m+fp/hard/crt0.o (exit)
C:/ST/STM32CubeIDE_1.16.1/STM32CubeIDE/plugins/com.st.stm32cube.ide.mcu.externaltools.gnu-tools-for-stm32.13.3.rel1.win32_1.0.0.202411081344/tools/bin/../lib/gcc/arm-none-eabi/13.3.1/../../../../arm-none-eabi/lib/thumb/v7e-m+fp/hard\libc_nano.a(libc_a-findfp.o)
                              C:/ST/STM32CubeIDE_1.16.1/STM32CubeIDE/plugins/com.st.stm32cube.ide.mcu.externaltools.gnu-tools-for-stm32.13.3.rel1.win32_1.0.0.202411081344/tools/bin/../lib/gcc/arm-none-eabi/13.3.1/../../../../arm-none-eabi/lib/thumb/v7e-m+fp/hard\libc_nano.a(libc_a-exit.o) (__stdio_exit_handler)
C:/ST/STM32CubeIDE_1.16.1/STM32CubeIDE/plugins/com.st.stm32cube.ide.mcu.externaltools.gnu-tools-for-stm32.13.3.rel1.win32_1.0.0.202411081344/tools/bin/../lib/gcc/arm-none-eabi/13.3.1/../../../../arm-none-eabi/lib/thumb/v7e-m+fp/hard\libc_nano.a(libc_a-fwalk.o)
                              C:/ST/STM32CubeIDE_1.16.1/STM32CubeIDE/plugins/com.st.stm32cube.ide.mcu.externaltools.gnu-tools-for-stm32.13.3.rel1.win32_1.0.0.202411081344/tools/bin/../lib/gcc/arm-none-eabi/13.3.1/../../../../arm-none-eabi/lib/thumb/v7e-m+fp/hard\libc_nano.a(libc_a-findfp.o) (_fwalk_sglue)
C:/ST/STM32CubeIDE_1.16.1/STM32CubeIDE/plugins/com.st.stm32cube.ide.mcu.externaltools.gnu-tools-for-stm32.13.3.rel1.win32_1.0.0.202411081344/tools/bin/../lib/gcc/arm-none-eabi/13.3.1/../../../../arm-none-eabi/lib/thumb/v7e-m+fp/hard\libc_nano.a(libc_a-stdio.o)
                              C:/ST/STM32CubeIDE_1.16.1/STM32CubeIDE/plugins/com.st.stm32cube.ide.mcu.externaltools.gnu-tools-for-stm32.13.3.rel1.win32_1.0.0.202411081344/tools/bin/../lib/gcc/arm-none-eabi/13.3.1/../../../../arm-none-eabi/lib/thumb/v7e-m+fp/hard\libc_nano.a(libc_a-findfp.o) (__sread)
C:/ST/STM32CubeIDE_1.16.1/STM32CubeIDE/plugins/com.st.stm32cube.ide.mcu.externaltools.gnu-tools-for-stm32.13.3.rel1.win32_1.0.0.202411081344/tools/bin/../lib/gcc/arm-none-eabi/13.3.1/../../../../arm-none-eabi/lib/thumb/v7e-m+fp/hard\libc_nano.a(libc_a-memset.o)
                              C:/ST/STM32CubeIDE_1.16.1/STM32CubeIDE/plugins/com.st.stm32cube.ide.mcu.externaltools.gnu-tools-for-stm32.13.3.rel1.win32_1.0.0.202411081344/tools/bin/../lib/gcc/arm-none-eabi/13.3.1/../../../../arm-none-eabi/lib/thumb/v7e-m+fp/hard/crt0.o (memset)
C:/ST/STM32CubeIDE_1.16.1/STM32CubeIDE/plugins/com.st.stm32cube.ide.mcu.externaltools.gnu-tools-for-stm32.13.3.rel1.win32_1.0.0.202411081344/tools/bin/../lib/gcc/arm-none-eabi/13.3.1/../../../../arm-none-eabi/lib/thumb/v7e-m+fp/hard\libc_nano.a(libc_a-closer.o)
                              C:/ST/STM32CubeIDE_1.16.1/STM32CubeIDE/plugins/com.st.stm32cube.ide.mcu.externaltools.gnu-tools-for-stm32.13.3.rel1.win32_1.0.0.202411081344/tools/bin/../lib/gcc/arm-none-eabi/13.3.1/../../../../arm-none-eabi/lib/thumb/v7e-m+fp/hard\libc_nano.a(libc_a-stdio.o) (_close_r)
C:/ST/STM32CubeIDE_1.16.1/STM32CubeIDE/plugins/com.st.stm32cube.ide.mcu.externaltools.gnu-tools-for-stm32.13.3.rel1.win32_1.0.0.202411081344/tools/bin/../lib/gcc/arm-none-eabi/13.3.1/../../../../arm-none-eabi/lib/thumb/v7e-m+fp/hard\libc_nano.a(libc_a-reent.o)
                              C:/ST/STM32CubeIDE_1.16.1/STM32CubeIDE/plugins/com.st.stm32cube.ide.mcu.externaltools.gnu-tools-for-stm32.13.3.rel1.win32_1.0.0.202411081344/tools/bin/../lib/gcc/arm-none-eabi/13.3.1/../../../../arm-none-eabi/lib/thumb/v7e-m+fp/hard\libc_nano.a(libc_a-closer.o) (errno)
C:/ST/STM32CubeIDE_1.16.1/STM32CubeIDE/plugins/com.st.stm32cube.ide.mcu.externaltools.gnu-tools-for-stm32.13.3.rel1.win32_1.0.0.202411081344/tools/bin/../lib/gcc/arm-none-eabi/13.3.1/../../../../arm-none-eabi/lib/thumb/v7e-m+fp/hard\libc_nano.a(libc_a-impure.o)
                              C:/ST/STM32CubeIDE_1.16.1/STM32CubeIDE/plugins/com.st.stm32cube.ide.mcu.externaltools.gnu-tools-for-stm32.13.3.rel1.win32_1.0.0.202411081344/tools/bin/../lib/gcc/arm-none-eabi/13.3.1/../../../../arm-none-eabi/lib/thumb/v7e-m+fp/hard\libc_nano.a(libc_a-reent.o) (_impure_ptr)
C:/ST/STM32CubeIDE_1.16.1/STM32CubeIDE/plugins/com.st.stm32cube.ide.mcu.externaltools.gnu-tools-for-stm32.13.3.rel1.win32_1.0.0.202411081344/tools/bin/../lib/gcc/arm-none-eabi/13.3.1/../../../../arm-none-eabi/lib/thumb/v7e-m+fp/hard\libc_nano.a(libc_a-lseekr.o)
[...]
Memory Configuration

Name             Origin             Length             Attributes
CCMRAM           0x10000000         0x00002000         xrw
RAM              0x20000000         0x00008000         xrw
FLASH            0x08000000         0x00020000         xr
*default*        0x00000000         0xffffffff

Linker script and memory map

LOAD C:/ST/STM32CubeIDE_1.16.1/STM32CubeIDE/plugins/com.st.stm32cube.ide.mcu.externaltools.gnu-tools-for-stm32.13.3.rel1.win32_1.0.0.202411081344/tools/bin/../lib/gcc/arm-none-eabi/13.3.1/thumb/v7e-m+fp/hard/crti.o
LOAD C:/ST/STM32CubeIDE_1.16.1/STM32CubeIDE/plugins/com.st.stm32cube.ide.mcu.externaltools.gnu-tools-for-stm32.13.3.rel1.win32_1.0.0.202411081344/tools/bin/../lib/gcc/arm-none-eabi/13.3.1/thumb/v7e-m+fp/hard/crtbegin.o
LOAD C:/ST/STM32CubeIDE_1.16.1/STM32CubeIDE/plugins/com.st.stm32cube.ide.mcu.externaltools.gnu-tools-for-stm32.13.3.rel1.win32_1.0.0.202411081344/tools/bin/../lib/gcc/arm-none-eabi/13.3.1/../../../../arm-none-eabi/lib/thumb/v7e-m+fp/hard/crt0.o
LOAD ./Application/Startup/startup_stm32f303cbtx.o
LOAD ./Application/User/aspep.o
LOAD ./Application/User/bemf_ADC_fdbk_sixstep.o
LOAD ./Application/User/main.o
LOAD ./Application/User/mc_api.o
LOAD ./Application/User/mc_app_hooks.o
LOAD ./Application/User/mc_config.o
LOAD ./Application/User/mc_config_common.o
LOAD ./Application/User/mc_configuration_registers.o
LOAD ./Application/User/mc_interface.o
LOAD ./Application/User/mc_math.o
LOAD ./Application/User/mc_parameters.o
LOAD ./Application/User/mc_perf.o
LOAD ./Application/User/mc_tasks.o
LOAD ./Application/User/mc_tasks_sixstep.o
LOAD ./Application/User/mcp.o
LOAD ./Application/User/mcp_config.o
LOAD ./Application/User/motorcontrol.o
LOAD ./Application/User/pwmc_sixstep.o
LOAD ./Application/User/regular_conversion_manager.o
LOAD ./Application/User/speed_duty_ctrl.o
LOAD ./Application/User/stm32_mc_common_it.o
LOAD ./Application/User/stm32f30x_mc_it.o
LOAD ./Application/User/stm32f3xx_hal_msp.o
LOAD ./Application/User/stm32f3xx_it.o
LOAD ./Application/User/sync_registers.o
LOAD ./Application/User/syscalls.o
LOAD ./Application/User/sysmem.o
LOAD ./Application/User/usart_aspep_driver.o
LOAD ./Drivers/CMSIS/system_stm32f3xx.o
LOAD ./Drivers/STM32F3xx_HAL_Driver/stm32f3xx_hal.o
LOAD ./Drivers/STM32F3xx_HAL_Driver/stm32f3xx_hal_adc.o
LOAD ./Drivers/STM32F3xx_HAL_Driver/stm32f3xx_hal_adc_ex.o
LOAD ./Drivers/STM32F3xx_HAL_Driver/stm32f3xx_hal_cortex.o
LOAD ./Drivers/STM32F3xx_HAL_Driver/stm32f3xx_hal_dma.o
LOAD ./Drivers/STM32F3xx_HAL_Driver/stm32f3xx_hal_exti.o
LOAD ./Drivers/STM32F3xx_HAL_Driver/stm32f3xx_hal_flash.o
LOAD ./Drivers/STM32F3xx_HAL_Driver/stm32f3xx_hal_flash_ex.o
LOAD ./Drivers/STM32F3xx_HAL_Driver/stm32f3xx_hal_gpio.o
LOAD ./Drivers/STM32F3xx_HAL_Driver/stm32f3xx_hal_i2c.o
LOAD ./Drivers/STM32F3xx_HAL_Driver/stm32f3xx_hal_i2c_ex.o
LOAD ./Drivers/STM32F3xx_HAL_Driver/stm32f3xx_hal_pwr.o
LOAD ./Drivers/STM32F3xx_HAL_Driver/stm32f3xx_hal_pwr_ex.o
LOAD ./Drivers/STM32F3xx_HAL_Driver/stm32f3xx_hal_rcc.o
LOAD ./Drivers/STM32F3xx_HAL_Driver/stm32f3xx_hal_rcc_ex.o
LOAD ./Drivers/STM32F3xx_HAL_Driver/stm32f3xx_hal_tim.o
LOAD ./Drivers/STM32F3xx_HAL_Driver/stm32f3xx_hal_tim_ex.o
LOAD ./Drivers/STM32F3xx_HAL_Driver/stm32f3xx_hal_uart.o
LOAD ./Drivers/STM32F3xx_HAL_Driver/stm32f3xx_hal_uart_ex.o
LOAD ./Middlewares/MotorControl/bus_voltage_sensor.o
LOAD ./Middlewares/MotorControl/ntc_temperature_sensor.o
LOAD ./Middlewares/MotorControl/pid_regulator.o
LOAD ./Middlewares/MotorControl/r_divider_bus_voltage_sensor.o
LOAD ./Middlewares/MotorControl/revup_ctrl_sixstep.o
LOAD ./Middlewares/MotorControl/speed_pos_fdbk_sixstep.o
START GROUP
LOAD C:/ST/STM32CubeIDE_1.16.1/STM32CubeIDE/plugins/com.st.stm32cube.ide.mcu.externaltools.gnu-tools-for-stm32.13.3.rel1.win32_1.0.0.202411081344/tools/bin/../lib/gcc/arm-none-eabi/13.3.1/../../../../arm-none-eabi/lib/thumb/v7e-m+fp/hard\libc_nano.a
LOAD C:/ST/STM32CubeIDE_1.16.1/STM32CubeIDE/plugins/com.st.stm32cube.ide.mcu.externaltools.gnu-tools-for-stm32.13.3.rel1.win32_1.0.0.202411081344/tools/bin/../lib/gcc/arm-none-eabi/13.3.1/../../../../arm-none-eabi/lib/thumb/v7e-m+fp/hard\libm.a
END GROUP
START GROUP
LOAD C:/ST/STM32CubeIDE_1.16.1/STM32CubeIDE/plugins/com.st.stm32cube.ide.mcu.externaltools.gnu-tools-for-stm32.13.3.rel1.win32_1.0.0.202411081344/tools/bin/../lib/gcc/arm-none-eabi/13.3.1/thumb/v7e-m+fp/hard\libgcc.a
LOAD C:/ST/STM32CubeIDE_1.16.1/STM32CubeIDE/plugins/com.st.stm32cube.ide.mcu.externaltools.gnu-tools-for-stm32.13.3.rel1.win32_1.0.0.202411081344/tools/bin/../lib/gcc/arm-none-eabi/13.3.1/../../../../arm-none-eabi/lib/thumb/v7e-m+fp/hard\libc_nano.a
END GROUP
START GROUP
LOAD C:/ST/STM32CubeIDE_1.16.1/STM32CubeIDE/plugins/com.st.stm32cube.ide.mcu.externaltools.gnu-tools-for-stm32.13.3.rel1.win32_1.0.0.202411081344/tools/bin/../lib/gcc/arm-none-eabi/13.3.1/thumb/v7e-m+fp/hard\libgcc.a
LOAD C:/ST/STM32CubeIDE_1.16.1/STM32CubeIDE/plugins/com.st.stm32cube.ide.mcu.externaltools.gnu-tools-for-stm32.13.3.rel1.win32_1.0.0.202411081344/tools/bin/../lib/gcc/arm-none-eabi/13.3.1/../../../../arm-none-eabi/lib/thumb/v7e-m+fp/hard\libc_nano.a
LOAD C:/ST/STM32CubeIDE_1.16.1/STM32CubeIDE/plugins/com.st.stm32cube.ide.mcu.externaltools.gnu-tools-for-stm32.13.3.rel1.win32_1.0.0.202411081344/tools/bin/../lib/gcc/arm-none-eabi/13.3.1/../../../../arm-none-eabi/lib/thumb/v7e-m+fp/hard\libnosys.a
END GROUP
START GROUP
LOAD C:/ST/STM32CubeIDE_1.16.1/STM32CubeIDE/plugins/com.st.stm32cube.ide.mcu.externaltools.gnu-tools-for-stm32.13.3.rel1.win32_1.0.0.202411081344/tools/bin/../lib/gcc/arm-none-eabi/13.3.1/thumb/v7e-m+fp/hard\libgcc.a
LOAD C:/ST/STM32CubeIDE_1.16.1/STM32CubeIDE/plugins/com.st.stm32cube.ide.mcu.externaltools.gnu-tools-for-stm32.13.3.rel1.win32_1.0.0.202411081344/tools/bin/../lib/gcc/arm-none-eabi/13.3.1/../../../../arm-none-eabi/lib/thumb/v7e-m+fp/hard\libc_nano.a
LOAD C:/ST/STM32CubeIDE_1.16.1/STM32CubeIDE/plugins/com.st.stm32cube.ide.mcu.externaltools.gnu-tools-for-stm32.13.3.rel1.win32_1.0.0.202411081344/tools/bin/../lib/gcc/arm-none-eabi/13.3.1/../../../../arm-none-eabi/lib/thumb/v7e-m+fp/hard\libnosys.a
END GROUP
LOAD C:/ST/STM32CubeIDE_1.16.1/STM32CubeIDE/plugins/com.st.stm32cube.ide.mcu.externaltools.gnu-tools-for-stm32.13.3.rel1.win32_1.0.0.202411081344/tools/bin/../lib/gcc/arm-none-eabi/13.3.1/thumb/v7e-m+fp/hard/crtend.o
LOAD C:/ST/STM32CubeIDE_1.16.1/STM32CubeIDE/plugins/com.st.stm32cube.ide.mcu.externaltools.gnu-tools-for-stm32.13.3.rel1.win32_1.0.0.202411081344/tools/bin/../lib/gcc/arm-none-eabi/13.3.1/thumb/v7e-m+fp/hard/crtn.o
                0x20008000                        _estack = (ORIGIN (RAM) + LENGTH (RAM))
                0x00000200                        _Min_Heap_Size = 0x200
                0x00000400                        _Min_Stack_Size = 0x400

.isr_vector     0x08000000      0x188
                0x08000000                        . = ALIGN (0x4)
 *(.isr_vector)
 .isr_vector    0x08000000      0x188 ./Application/Startup/startup_stm32f303cbtx.o
                0x08000000                g_pfnVectors
                0x08000188                        . = ALIGN (0x4)

.text           0x08000188     0x6d84
                0x08000188                        . = ALIGN (0x4)
 *(.text)
 .text          0x08000188       0x40 C:/ST/STM32CubeIDE_1.16.1/STM32CubeIDE/plugins/com.st.stm32cube.ide.mcu.externaltools.gnu-tools-for-stm32.13.3.rel1.win32_1.0.0.202411081344/tools/bin/../lib/gcc/arm-none-eabi/13.3.1/thumb/v7e-m+fp/hard/crtbegin.o
 .text          0x080001c8      0x254 C:/ST/STM32CubeIDE_1.16.1/STM32CubeIDE/plugins/com.st.stm32cube.ide.mcu.externaltools.gnu-tools-for-stm32.13.3.rel1.win32_1.0.0.202411081344/tools/bin/../lib/gcc/arm-none-eabi/13.3.1/thumb/v7e-m+fp/hard\libgcc.a(_arm_muldf3.o)
                0x080001c8                __muldf3
                0x080001c8                __aeabi_dmul
 .text          0x0800041c      0x378 C:/ST/STM32CubeIDE_1.16.1/STM32CubeIDE/plugins/com.st.stm32cube.ide.mcu.externaltools.gnu-tools-for-stm32.13.3.rel1.win32_1.0.0.202411081344/tools/bin/../lib/gcc/arm-none-eabi/13.3.1/thumb/v7e-m+fp/hard\libgcc.a(_arm_addsubdf3.o)
                0x0800041c                __aeabi_drsub
                0x08000424                __aeabi_dsub
                0x08000424                __subdf3
                0x08000428                __aeabi_dadd
                0x08000428                __adddf3
                0x080006a0                __floatunsidf
                0x080006a0                __aeabi_ui2d
                0x080006c0                __floatsidf
                0x080006c0                __aeabi_i2d
                0x080006e4                __aeabi_f2d
                0x080006e4                __extendsfdf2
                0x08000728                __floatundidf
                0x08000728                __aeabi_ul2d
                0x08000738                __floatdidf
                0x08000738                __aeabi_l2d
 .text          0x08000794       0x40 C:/ST/STM32CubeIDE_1.16.1/STM32CubeIDE/plugins/com.st.stm32cube.ide.mcu.externaltools.gnu-tools-for-stm32.13.3.rel1.win32_1.0.0.202411081344/tools/bin/../lib/gcc/arm-none-eabi/13.3.1/thumb/v7e-m+fp/hard\libgcc.a(_arm_fixunsdfsi.o)
                0x08000794                __aeabi_d2uiz
                0x08000794                __fixunsdfsi
 *(.text*)
 .text.Reset_Handler
                0x080007d4       0x50 ./Application/Startup/startup_stm32f303cbtx.o
                0x080007d4                Reset_Handler
 .text.Default_Handler
                0x08000824        0x2 ./Application/Startup/startup_stm32f303cbtx.o
                0x08000824                RTC_Alarm_IRQHandler
                0x08000824                TIM8_TRG_COM_IRQHandler
                0x08000824                TIM8_CC_IRQHandler
                0x08000824                DebugMon_Handler
                0x08000824                TIM1_CC_IRQHandler
                0x08000824                USB_HP_IRQHandler
                0x08000824                PVD_IRQHandler
                0x08000824                TAMP_STAMP_IRQHandler
                0x08000824                PendSV_Handler
                0x08000824                NMI_Handler
                0x08000824                EXTI3_IRQHandler
                0x08000824                USB_HP_CAN_TX_IRQHandler
                0x08000824                EXTI0_IRQHandler
                0x08000824                I2C2_EV_IRQHandler
                0x08000824                FPU_IRQHandler
                0x08000824                TIM1_UP_TIM16_IRQHandler
                0x08000824                UsageFault_Handler
                0x08000824                ADC1_2_IRQHandler
                0x08000824                SPI1_IRQHandler
                0x08000824                CAN_SCE_IRQHandler
                0x08000824                TIM6_DAC_IRQHandler
                0x08000824                TIM8_UP_IRQHandler
                0x08000824                DMA2_Channel2_IRQHandler
                0x08000824                DMA1_Channel4_IRQHandler
                0x08000824                USART3_IRQHandler
                0x08000824                DMA1_Channel7_IRQHandler
                0x08000824                UART5_IRQHandler
                0x08000824                ADC3_IRQHandler
                0x08000824                TIM4_IRQHandler
                0x08000824                CAN_RX1_IRQHandler
                0x08000824                DMA2_Channel1_IRQHandler
                0x08000824                I2C1_EV_IRQHandler
                0x08000824                DMA1_Channel6_IRQHandler
                0x08000824                UART4_IRQHandler
                0x08000824                DMA2_Channel4_IRQHandler
                0x08000824                TIM3_IRQHandler
                0x08000824                RCC_IRQHandler
                0x08000824                DMA1_Channel1_IRQHandler
                0x08000824                Default_Handler
                0x08000824                USBWakeUp_RMP_IRQHandler
                0x08000824                EXTI15_10_IRQHandler
                0x08000824                TIM7_IRQHandler
                0x08000824                EXTI9_5_IRQHandler
                0x08000824                RTC_WKUP_IRQHandler
                0x08000824                SPI2_IRQHandler
                0x08000824                USB_LP_CAN_RX0_IRQHandler
                0x08000824                MemManage_Handler
                0x08000824                SVC_Handler
                0x08000824                DMA2_Channel5_IRQHandler
                0x08000824                DMA1_Channel5_IRQHandler
                0x08000824                USB_LP_IRQHandler
                0x08000824                EXTI4_IRQHandler
                0x08000824                TIM1_TRG_COM_TIM17_IRQHandler
                0x08000824                DMA1_Channel3_IRQHandler
                0x08000824                WWDG_IRQHandler
                0x08000824                COMP7_IRQHandler
                0x08000824                COMP1_2_3_IRQHandler
                0x08000824                EXTI1_IRQHandler
                0x08000824                USART2_IRQHandler
                0x08000824                COMP4_5_6_IRQHandler
                0x08000824                I2C2_ER_IRQHandler
                0x08000824                DMA1_Channel2_IRQHandler
                0x08000824                TIM8_BRK_IRQHandler
                0x08000824                FLASH_IRQHandler
                0x08000824                BusFault_Handler
                0x08000824                SPI3_IRQHandler
                0x08000824                I2C1_ER_IRQHandler
                0x08000824                USBWakeUp_IRQHandler
                0x08000824                DMA2_Channel3_IRQHandler
                0x08000824                EXTI2_TSC_IRQHandler
 *fill*         0x08000826        0x2 
 .text.ASPEP_start
                0x08000828       0x28 ./Application/User/aspep.o
                0x08000828                ASPEP_start
 .text.ASPEP_sendBeacon
                0x08000850       0x8c ./Application/User/aspep.o
                0x08000850                ASPEP_sendBeacon
 .text.ASPEP_sendPing
                0x080008dc       0x8c ./Application/User/aspep.o
                0x080008dc                ASPEP_sendPing
 .text.ASPEP_getBuffer
                0x08000968       0x24 ./Application/User/aspep.o
                0x08000968                ASPEP_getBuffer
 .text.ASPEP_sendPacket
                0x0800098c       0xe0 ./Application/User/aspep.o
                0x0800098c                ASPEP_sendPacket
 .text.ASPEP_HWDataTransmittedIT
                0x08000a6c       0x60 ./Application/User/aspep.o
                0x08000a6c                ASPEP_HWDataTransmittedIT
 .text.ASPEP_RXframeProcess
                0x08000acc      0x2b4 ./Application/User/aspep.o
                0x08000acc                ASPEP_RXframeProcess
 .text.ASPEP_HWDataReceivedIT
                0x08000d80       0xa0 ./Application/User/aspep.o
                0x08000d80                ASPEP_HWDataReceivedIT
 .text.ASPEP_HWReset
                0x08000e20       0x14 ./Application/User/aspep.o
                0x08000e20                ASPEP_HWReset
 .text.BADC_Init
                0x08000e34      0x14c ./Application/User/bemf_ADC_fdbk_sixstep.o
                0x08000e34                BADC_Init
 .text.BADC_Clear
                0x08000f80       0x60 ./Application/User/bemf_ADC_fdbk_sixstep.o
                0x08000f80                BADC_Clear
 .text.BADC_Stop
                0x08000fe0       0x24 ./Application/User/bemf_ADC_fdbk_sixstep.o
                0x08000fe0                BADC_Stop
 .text.BADC_SetSamplingPoint
                0x08001004       0x84 ./Application/User/bemf_ADC_fdbk_sixstep.o
                0x08001004                BADC_SetSamplingPoint
 .text.BADC_IsZcDetected
                0x08001088      0x114 ./Application/User/bemf_ADC_fdbk_sixstep.o
                0x08001088                BADC_IsZcDetected
 .text.BADC_CalcAvrgMecSpeedUnit
                0x0800119c       0x84 ./Application/User/bemf_ADC_fdbk_sixstep.o
                0x0800119c                BADC_CalcAvrgMecSpeedUnit
 .text.BADC_SetDirection
                0x08001220        0x8 ./Application/User/bemf_ADC_fdbk_sixstep.o
                0x08001220                BADC_SetDirection
 .text.BADC_SelectAdcChannel
                0x08001228       0xb0 ./Application/User/bemf_ADC_fdbk_sixstep.o
                0x08001228                BADC_SelectAdcChannel
 .text.BADC_Start
                0x080012d8      0x118 ./Application/User/bemf_ADC_fdbk_sixstep.o
                0x080012d8                BADC_Start
 .text.BADC_StepChangeEvent
                0x080013f0       0x4c ./Application/User/bemf_ADC_fdbk_sixstep.o
                0x080013f0                BADC_StepChangeEvent
 .text.BADC_CalcRevUpDemagTime
                0x0800143c       0x28 ./Application/User/bemf_ADC_fdbk_sixstep.o
                0x0800143c                BADC_CalcRevUpDemagTime
 .text.BADC_CalcRunDemagTime
                0x08001464       0x2c ./Application/User/bemf_ADC_fdbk_sixstep.o
                0x08001464                BADC_CalcRunDemagTime
 .text.BADC_SetLoopClosed
                0x08001490        0x8 ./Application/User/bemf_ADC_fdbk_sixstep.o
                0x08001490                BADC_SetLoopClosed
 .text.BADC_SetSpeedTimer
                0x08001498       0x1c ./Application/User/bemf_ADC_fdbk_sixstep.o
                0x08001498                BADC_SetSpeedTimer
 .text.BADC_CheckDetectionErrors
                0x080014b4       0x3c ./Application/User/bemf_ADC_fdbk_sixstep.o
                0x080014b4                BADC_CheckDetectionErrors
 .text.BADC_SetBemfSensorlessParam
                0x080014f0       0x40 ./Application/User/bemf_ADC_fdbk_sixstep.o
                0x080014f0                BADC_SetBemfSensorlessParam
 .text.BADC_GetBemfSensorlessParam
                0x08001530       0x48 ./Application/User/bemf_ADC_fdbk_sixstep.o
                0x08001530                BADC_GetBemfSensorlessParam
 .text.SystemClock_Config
                0x08001578       0x8c ./Application/User/main.o
                0x08001578                SystemClock_Config
 .text.startup.main
                0x08001604      0x440 ./Application/User/main.o
                0x08001604                main
 .text.Error_Handler
                0x08001a44        0x4 ./Application/User/main.o
                0x08001a44                Error_Handler
 .text.MC_APP_BootHook
                0x08001a48        0x4 ./Application/User/mc_app_hooks.o
                0x08001a48                MC_APP_BootHook
 .text.MC_APP_PostMediumFrequencyHook_M1
                0x08001a4c        0x4 ./Application/User/mc_app_hooks.o
                0x08001a4c                MC_APP_PostMediumFrequencyHook_M1
 .text.MCI_ExecSpeedRamp
                0x08001a50       0x24 ./Application/User/mc_interface.o
                0x08001a50                MCI_ExecSpeedRamp
 .text.MCI_FaultProcessing
                0x08001a74       0x18 ./Application/User/mc_interface.o
                0x08001a74                MCI_FaultProcessing
 .text.MCI_ExecBufferedCommands
                0x08001a8c       0x38 ./Application/User/mc_interface.o
                0x08001a8c                MCI_ExecBufferedCommands
 .text.MCI_GetSTMState
                0x08001ac4        0x4 ./Application/User/mc_interface.o
                0x08001ac4                MCI_GetSTMState
 .text.MCI_GetOccurredFaults
                0x08001ac8        0x4 ./Application/User/mc_interface.o
                0x08001ac8                MCI_GetOccurredFaults
 .text.MCI_GetCurrentFaults
                0x08001acc        0x4 ./Application/User/mc_interface.o
                0x08001acc                MCI_GetCurrentFaults
 .text.MCI_StartMotor
                0x08001ad0       0x2c ./Application/User/mc_interface.o
                0x08001ad0                MCI_StartMotor
 .text.MCI_StopMotor
                0x08001afc       0x38 ./Application/User/mc_interface.o
                0x08001afc                MCI_StopMotor
 .text.MCI_FaultAcknowledged
                0x08001b34       0x24 ./Application/User/mc_interface.o
                0x08001b34                MCI_FaultAcknowledged
 .text.MCI_GetFaultState
                0x08001b58        0xc ./Application/User/mc_interface.o
                0x08001b58                MCI_GetFaultState
 .text.MCI_GetControlMode
                0x08001b64        0x4 ./Application/User/mc_interface.o
                0x08001b64                MCI_GetControlMode
 .text.MCI_GetImposedMotorDirection
                0x08001b68       0x1c ./Application/User/mc_interface.o
                0x08001b68                MCI_GetImposedMotorDirection
 .text.MCI_GetLastRampFinalSpeed
                0x08001b84        0x8 ./Application/User/mc_interface.o
                0x08001b84                MCI_GetLastRampFinalSpeed
 .text.MCI_GetLastRampFinalDuration
                0x08001b8c        0x4 ./Application/User/mc_interface.o
                0x08001b8c                MCI_GetLastRampFinalDuration
 .text.MCI_StopRamp
                0x08001b90        0xc ./Application/User/mc_interface.o
                0x08001b90                MCI_StopRamp
 .text.MCI_GetAvrgMecSpeedUnit
                0x08001b9c        0x8 ./Application/User/mc_interface.o
                0x08001b9c                MCI_GetAvrgMecSpeedUnit
 .text.MCI_GetMecSpeedRefUnit
                0x08001ba4       0x14 ./Application/User/mc_interface.o
                0x08001ba4                MCI_GetMecSpeedRefUnit
 .text.MCI_Clear_PerfMeasure
                0x08001bb8        0x8 ./Application/User/mc_interface.o
                0x08001bb8                MCI_Clear_PerfMeasure
 .text.MCI_GetDutyCycleRef
                0x08001bc0        0x8 ./Application/User/mc_interface.o
                0x08001bc0                MCI_GetDutyCycleRef
 .text.MC_Perf_Measure_Init
                0x08001bc8       0x4c ./Application/User/mc_perf.o
                0x08001bc8                MC_Perf_Measure_Init
 .text.MC_Perf_Clear
                0x08001c14       0x28 ./Application/User/mc_perf.o
                0x08001c14                MC_Perf_Clear
 .text.MC_BG_Perf_Measure_Start
                0x08001c3c       0x18 ./Application/User/mc_perf.o
                0x08001c3c                MC_BG_Perf_Measure_Start
 .text.MC_Perf_Measure_Stop
                0x08001c54       0x44 ./Application/User/mc_perf.o
                0x08001c54                MC_Perf_Measure_Stop
 .text.MC_BG_Perf_Measure_Stop
                0x08001c98       0x4c ./Application/User/mc_perf.o
                0x08001c98                MC_BG_Perf_Measure_Stop
 .text.MC_Perf_GetCPU_Load
                0x08001ce4       0x78 ./Application/User/mc_perf.o
                0x08001ce4                MC_Perf_GetCPU_Load
 .text.MC_Perf_GetMaxCPU_Load
                0x08001d5c       0x78 ./Application/User/mc_perf.o
                0x08001d5c                MC_Perf_GetMaxCPU_Load
 .text.MC_Perf_GetMinCPU_Load
                0x08001dd4       0xa8 ./Application/User/mc_perf.o
                0x08001dd4                MC_Perf_GetMinCPU_Load
 .text.MCboot   0x08001e7c       0x70 ./Application/User/mc_tasks.o
                0x08001e7c                MCboot
 .text.TSK_SetChargeBootCapDelayM1
                0x08001eec        0xc ./Application/User/mc_tasks.o
                0x08001eec                TSK_SetChargeBootCapDelayM1
 .text.TSK_ChargeBootCapDelayHasElapsedM1
                0x08001ef8       0x14 ./Application/User/mc_tasks.o
                0x08001ef8                TSK_ChargeBootCapDelayHasElapsedM1
 .text.TSK_SetStopPermanencyTimeM1
                0x08001f0c        0xc ./Application/User/mc_tasks.o
                0x08001f0c                TSK_SetStopPermanencyTimeM1
 .text.TSK_StopPermanencyTimeHasElapsedM1
                0x08001f18       0x14 ./Application/User/mc_tasks.o
                0x08001f18                TSK_StopPermanencyTimeHasElapsedM1
 .text.TSK_SafetyTask_PWMOFF
                0x08001f2c       0x88 ./Application/User/mc_tasks.o
                0x08001f2c                TSK_SafetyTask_PWMOFF
 .text.TSK_SafetyTask
                0x08001fb4       0x18 ./Application/User/mc_tasks.o
                0x08001fb4                TSK_SafetyTask
 .text.MC_RunMotorControlTasks
                0x08001fcc       0xa4 ./Application/User/mc_tasks.o
                0x08001fcc                MC_RunMotorControlTasks
 .text.TSK_HardwareFaultTask
                0x08002070       0x1c ./Application/User/mc_tasks.o
                0x08002070                TSK_HardwareFaultTask
 .text.mc_lock_pins
                0x0800208c       0xec ./Application/User/mc_tasks.o
                0x0800208c                mc_lock_pins
 .text.SIX_STEP_Clear
                0x08002178       0x74 ./Application/User/mc_tasks_sixstep.o
                0x08002178                SIX_STEP_Clear
 .text.SIX_STEP_Init
                0x080021ec       0x4c ./Application/User/mc_tasks_sixstep.o
                0x080021ec                SIX_STEP_Init
 .text.TSK_MediumFrequencyTaskM1
                0x08002238      0x204 ./Application/User/mc_tasks_sixstep.o
                0x08002238                TSK_MediumFrequencyTaskM1
 .text.TSK_SpeedTIM_task
                0x0800243c       0xdc ./Application/User/mc_tasks_sixstep.o
                0x0800243c                TSK_SpeedTIM_task
 .text.RI_SetRegCommandParser
                0x08002518       0xe0 ./Application/User/mcp.o
                0x08002518                RI_SetRegCommandParser
 .text.RI_GetRegCommandParser
                0x080025f8       0x8c ./Application/User/mcp.o
                0x080025f8                RI_GetRegCommandParser
 .text.MCP_ReceivedPacket
                0x08002684      0x174 ./Application/User/mcp.o
                0x08002684                MCP_ReceivedPacket
 .text.MX_MotorControl_Init
                0x080027f8       0x3c ./Application/User/motorcontrol.o
                0x080027f8                MX_MotorControl_Init
 .text.PWMC_Init
                0x08002834       0x44 ./Application/User/pwmc_sixstep.o
                0x08002834                PWMC_Init
 .text.PWMC_SetPhaseVoltage
                0x08002878       0x10 ./Application/User/pwmc_sixstep.o
                0x08002878                PWMC_SetPhaseVoltage
 .text.PWMC_LoadNextStep
                0x08002888       0x98 ./Application/User/pwmc_sixstep.o
                0x08002888                PWMC_LoadNextStep
 .text.PWMC_TurnOnLowSides
                0x08002920       0x40 ./Application/User/pwmc_sixstep.o
                0x08002920                PWMC_TurnOnLowSides
 .text.PWMC_SwitchOnPWM
                0x08002960       0x3c ./Application/User/pwmc_sixstep.o
                0x08002960                PWMC_SwitchOnPWM
 .text.PWMC_SetADCTriggerChannel
                0x0800299c       0x14 ./Application/User/pwmc_sixstep.o
                0x0800299c                PWMC_SetADCTriggerChannel
 .text.PWMC_SwitchOffPWM
                0x080029b0       0x20 ./Application/User/pwmc_sixstep.o
                0x080029b0                PWMC_SwitchOffPWM
 .text.PWMC_ForceNextStep
                0x080029d0       0x2c ./Application/User/pwmc_sixstep.o
                0x080029d0                PWMC_ForceNextStep
 .text.PWMC_IsFaultOccurred
                0x080029fc       0x2c ./Application/User/pwmc_sixstep.o
                0x080029fc                PWMC_IsFaultOccurred
 .text.PWMC_GetLSModConfig
                0x08002a28       0x28 ./Application/User/pwmc_sixstep.o
                0x08002a28                PWMC_GetLSModConfig
 .text.PWMC_SetLSModConfig
                0x08002a50       0x2c ./Application/User/pwmc_sixstep.o
                0x08002a50                PWMC_SetLSModConfig
 .text.PWMC_SetQuasiSynchState
                0x08002a7c       0x10 ./Application/User/pwmc_sixstep.o
                0x08002a7c                PWMC_SetQuasiSynchState
 .text.RCM_RegisterRegConv
                0x08002a8c       0xf4 ./Application/User/regular_conversion_manager.o
                0x08002a8c                RCM_RegisterRegConv
 .text.RCM_ExecNextConv
                0x08002b80       0x70 ./Application/User/regular_conversion_manager.o
                0x08002b80                RCM_ExecNextConv
 .text.RCM_ReadOngoingConv
                0x08002bf0       0x44 ./Application/User/regular_conversion_manager.o
                0x08002bf0                RCM_ReadOngoingConv
 .text.RCM_WaitForConv
                0x08002c34       0x28 ./Application/User/regular_conversion_manager.o
                0x08002c34                RCM_WaitForConv
 .text.SDC_Clear
                0x08002c5c       0x24 ./Application/User/speed_duty_ctrl.o
                0x08002c5c                SDC_Clear
 .text.SDC_ExecRamp
                0x08002c80       0x8c ./Application/User/speed_duty_ctrl.o
                0x08002c80                SDC_ExecRamp
 .text.SDC_CalcSpeedReference
                0x08002d0c       0xa8 ./Application/User/speed_duty_ctrl.o
                0x08002d0c                SDC_CalcSpeedReference
 .text.USART1_IRQHandler
                0x08002db4      0x11c ./Application/User/stm32_mc_common_it.o
                0x08002db4                USART1_IRQHandler
 .text.HardFault_Handler
                0x08002ed0        0x8 ./Application/User/stm32_mc_common_it.o
                0x08002ed0                HardFault_Handler
 .text.SysTick_Handler
                0x08002ed8       0x44 ./Application/User/stm32_mc_common_it.o
                0x08002ed8                SysTick_Handler
 .text.ADC4_IRQHandler
                0x08002f1c       0x48 ./Application/User/stm32f30x_mc_it.o
                0x08002f1c                ADC4_IRQHandler
 .text.TIM2_IRQHandler
                0x08002f64       0x38 ./Application/User/stm32f30x_mc_it.o
                0x08002f64                TIM2_IRQHandler
 .text.TIM1_BRK_TIM15_IRQHandler
                0x08002f9c       0x34 ./Application/User/stm32f30x_mc_it.o
                0x08002f9c                TIM1_BRK_TIM15_IRQHandler
 .text.HAL_MspInit
                0x08002fd0       0x34 ./Application/User/stm32f3xx_hal_msp.o
                0x08002fd0                HAL_MspInit
 *fill*         0x08003004        0x4 
 .text.HAL_ADC_MspInit
                0x08003008      0x134 ./Application/User/stm32f3xx_hal_msp.o
                0x08003008                HAL_ADC_MspInit
 .text.HAL_TIM_Base_MspInit
                0x0800313c       0x50 ./Application/User/stm32f3xx_hal_msp.o
                0x0800313c                HAL_TIM_Base_MspInit
 .text.HAL_TIM_MspPostInit
                0x0800318c       0xa8 ./Application/User/stm32f3xx_hal_msp.o
                0x0800318c                HAL_TIM_MspPostInit
 .text.HAL_UART_MspInit
                0x08003234       0xcc ./Application/User/stm32f3xx_hal_msp.o
                0x08003234                HAL_UART_MspInit
 .text.RI_SetRegisterGlobal
                0x08003300      0x100 ./Application/User/sync_registers.o
                0x08003300                RI_SetRegisterGlobal
 .text.RI_SetRegisterMotor1
                0x08003400      0x3d0 ./Application/User/sync_registers.o
                0x08003400                RI_SetRegisterMotor1
 .text.RI_GetRegisterGlobal
                0x080037d0      0x194 ./Application/User/sync_registers.o
                0x080037d0                RI_GetRegisterGlobal
 *fill*         0x08003964        0x4 
 .text.RI_GetRegisterMotor1
                0x08003968      0x564 ./Application/User/sync_registers.o
                0x08003968                RI_GetRegisterMotor1
 .text.UASPEP_INIT
                0x08003ecc       0x8c ./Application/User/usart_aspep_driver.o
                0x08003ecc                UASPEP_INIT
 .text.UASPEP_CFG_TRANSMISSION
                0x08003f58       0x3c ./Application/User/usart_aspep_driver.o
                0x08003f58                UASPEP_CFG_TRANSMISSION
 .text.UASPEP_CFG_RECEPTION
                0x08003f94       0x40 ./Application/User/usart_aspep_driver.o
                0x08003f94                UASPEP_CFG_RECEPTION
 .text.UASPEP_IDLE_ENABLE
                0x08003fd4       0x18 ./Application/User/usart_aspep_driver.o
                0x08003fd4                UASPEP_IDLE_ENABLE
 .text.SystemInit
                0x08003fec       0x14 ./Drivers/CMSIS/system_stm32f3xx.o
                0x08003fec                SystemInit
 .text.HAL_InitTick
                0x08004000       0x48 ./Drivers/STM32F3xx_HAL_Driver/stm32f3xx_hal.o
                0x08004000                HAL_InitTick
 .text.HAL_Init
                0x08004048       0x24 ./Drivers/STM32F3xx_HAL_Driver/stm32f3xx_hal.o
                0x08004048                HAL_Init
 .text.HAL_IncTick
                0x0800406c       0x18 ./Drivers/STM32F3xx_HAL_Driver/stm32f3xx_hal.o
                0x0800406c                HAL_IncTick
 .text.HAL_GetTick
                0x08004084        0xc ./Drivers/STM32F3xx_HAL_Driver/stm32f3xx_hal.o
                0x08004084                HAL_GetTick
 .text.ADC_Disable
                0x08004090       0x6c ./Drivers/STM32F3xx_HAL_Driver/stm32f3xx_hal_adc_ex.o
 .text.HAL_ADC_Init
                0x080040fc      0x28c ./Drivers/STM32F3xx_HAL_Driver/stm32f3xx_hal_adc_ex.o
                0x080040fc                HAL_ADC_Init
 .text.HAL_ADC_ConfigChannel
                0x08004388      0x390 ./Drivers/STM32F3xx_HAL_Driver/stm32f3xx_hal_adc_ex.o
                0x08004388                HAL_ADC_ConfigChannel
 .text.HAL_ADCEx_InjectedConfigChannel
                0x08004718      0x4b0 ./Drivers/STM32F3xx_HAL_Driver/stm32f3xx_hal_adc_ex.o
                0x08004718                HAL_ADCEx_InjectedConfigChannel
 .text.HAL_ADC_AnalogWDGConfig
                0x08004bc8      0x168 ./Drivers/STM32F3xx_HAL_Driver/stm32f3xx_hal_adc_ex.o
                0x08004bc8                HAL_ADC_AnalogWDGConfig
 .text.HAL_ADCEx_MultiModeConfigChannel
                0x08004d30      0x120 ./Drivers/STM32F3xx_HAL_Driver/stm32f3xx_hal_adc_ex.o
                0x08004d30                HAL_ADCEx_MultiModeConfigChannel
 .text.HAL_NVIC_SetPriorityGrouping
                0x08004e50       0x24 ./Drivers/STM32F3xx_HAL_Driver/stm32f3xx_hal_cortex.o
                0x08004e50                HAL_NVIC_SetPriorityGrouping
 .text.HAL_NVIC_SetPriority
                0x08004e74       0x78 ./Drivers/STM32F3xx_HAL_Driver/stm32f3xx_hal_cortex.o
                0x08004e74                HAL_NVIC_SetPriority
 .text.HAL_NVIC_EnableIRQ
                0x08004eec       0x1c ./Drivers/STM32F3xx_HAL_Driver/stm32f3xx_hal_cortex.o
                0x08004eec                HAL_NVIC_EnableIRQ
 .text.HAL_NVIC_SystemReset
                0x08004f08       0x24 ./Drivers/STM32F3xx_HAL_Driver/stm32f3xx_hal_cortex.o
                0x08004f08                HAL_NVIC_SystemReset
 .text.HAL_SYSTICK_Config
                0x08004f2c       0x34 ./Drivers/STM32F3xx_HAL_Driver/stm32f3xx_hal_cortex.o
                0x08004f2c                HAL_SYSTICK_Config
 .text.HAL_SYSTICK_Callback
                0x08004f60        0x4 ./Drivers/STM32F3xx_HAL_Driver/stm32f3xx_hal_cortex.o
                0x08004f60                HAL_SYSTICK_Callback
 .text.HAL_SYSTICK_IRQHandler
                0x08004f64        0x8 ./Drivers/STM32F3xx_HAL_Driver/stm32f3xx_hal_cortex.o
                0x08004f64                HAL_SYSTICK_IRQHandler
 .text.HAL_DMA_Init
                0x08004f6c       0x84 ./Drivers/STM32F3xx_HAL_Driver/stm32f3xx_hal_dma.o
                0x08004f6c                HAL_DMA_Init
 .text.HAL_GPIO_Init
                0x08004ff0      0x360 ./Drivers/STM32F3xx_HAL_Driver/stm32f3xx_hal_gpio.o
                0x08004ff0                HAL_GPIO_Init
 .text.HAL_RCC_OscConfig
                0x08005350      0x584 ./Drivers/STM32F3xx_HAL_Driver/stm32f3xx_hal_rcc.o
                0x08005350                HAL_RCC_OscConfig
 .text.HAL_RCC_ClockConfig
                0x080058d4      0x1a0 ./Drivers/STM32F3xx_HAL_Driver/stm32f3xx_hal_rcc.o
                0x080058d4                HAL_RCC_ClockConfig
 .text.HAL_RCC_EnableCSS
                0x08005a74       0x1c ./Drivers/STM32F3xx_HAL_Driver/stm32f3xx_hal_rcc.o
                0x08005a74                HAL_RCC_EnableCSS
 .text.HAL_RCC_GetSysClockFreq
                0x08005a90       0x50 ./Drivers/STM32F3xx_HAL_Driver/stm32f3xx_hal_rcc.o
                0x08005a90                HAL_RCC_GetSysClockFreq
 .text.HAL_RCC_GetHCLKFreq
                0x08005ae0        0xc ./Drivers/STM32F3xx_HAL_Driver/stm32f3xx_hal_rcc.o
                0x08005ae0                HAL_RCC_GetHCLKFreq
 .text.HAL_RCC_GetPCLK1Freq
                0x08005aec       0x30 ./Drivers/STM32F3xx_HAL_Driver/stm32f3xx_hal_rcc.o
                0x08005aec                HAL_RCC_GetPCLK1Freq
 .text.HAL_RCC_GetPCLK2Freq
                0x08005b1c       0x30 ./Drivers/STM32F3xx_HAL_Driver/stm32f3xx_hal_rcc.o
                0x08005b1c                HAL_RCC_GetPCLK2Freq
 .text.HAL_RCCEx_PeriphCLKConfig
                0x08005b4c      0x210 ./Drivers/STM32F3xx_HAL_Driver/stm32f3xx_hal_rcc_ex.o
                0x08005b4c                HAL_RCCEx_PeriphCLKConfig
 .text.TIM_OC1_SetConfig
                0x08005d5c       0x78 ./Drivers/STM32F3xx_HAL_Driver/stm32f3xx_hal_tim.o
 .text.TIM_OC3_SetConfig
                0x08005dd4       0x80 ./Drivers/STM32F3xx_HAL_Driver/stm32f3xx_hal_tim.o
 .text.HAL_TIM_Base_Init
                0x08005e54       0xfc ./Drivers/STM32F3xx_HAL_Driver/stm32f3xx_hal_tim.o
                0x08005e54                HAL_TIM_Base_Init
 .text.HAL_TIM_PWM_MspInit
                0x08005f50        0x4 ./Drivers/STM32F3xx_HAL_Driver/stm32f3xx_hal_tim.o
                0x08005f50                HAL_TIM_PWM_MspInit
 .text.HAL_TIM_PWM_Init
                0x08005f54       0xfc ./Drivers/STM32F3xx_HAL_Driver/stm32f3xx_hal_tim.o
                0x08005f54                HAL_TIM_PWM_Init
 .text.HAL_TIM_ConfigClockSource
                0x08006050      0x154 ./Drivers/STM32F3xx_HAL_Driver/stm32f3xx_hal_tim.o
                0x08006050                HAL_TIM_ConfigClockSource
 .text.TIM_OC2_SetConfig
                0x080061a4       0x84 ./Drivers/STM32F3xx_HAL_Driver/stm32f3xx_hal_tim.o
                0x080061a4                TIM_OC2_SetConfig
 .text.HAL_TIM_PWM_ConfigChannel
                0x08006228      0x23c ./Drivers/STM32F3xx_HAL_Driver/stm32f3xx_hal_tim.o
                0x08006228                HAL_TIM_PWM_ConfigChannel
 .text.HAL_TIMEx_MasterConfigSynchronization
                0x08006464       0x98 ./Drivers/STM32F3xx_HAL_Driver/stm32f3xx_hal_tim_ex.o
                0x08006464                HAL_TIMEx_MasterConfigSynchronization
 .text.HAL_TIMEx_ConfigBreakDeadTime
                0x080064fc       0x8c ./Drivers/STM32F3xx_HAL_Driver/stm32f3xx_hal_tim_ex.o
                0x080064fc                HAL_TIMEx_ConfigBreakDeadTime
 .text.UART_AdvFeatureConfig
                0x08006588       0xb0 ./Drivers/STM32F3xx_HAL_Driver/stm32f3xx_hal_uart.o
                0x08006588                UART_AdvFeatureConfig
 .text.UART_CheckIdleState
                0x08006638      0x250 ./Drivers/STM32F3xx_HAL_Driver/stm32f3xx_hal_uart.o
                0x08006638                UART_CheckIdleState
 .text.HAL_UART_Init
                0x08006888      0x210 ./Drivers/STM32F3xx_HAL_Driver/stm32f3xx_hal_uart.o
                0x08006888                HAL_UART_Init
 .text.VBS_GetAvBusVoltage_V
                0x08006a98        0xc ./Middlewares/MotorControl/bus_voltage_sensor.o
                0x08006a98                VBS_GetAvBusVoltage_V
 .text.NTC_Init
                0x08006aa4       0x24 ./Middlewares/MotorControl/ntc_temperature_sensor.o
                0x08006aa4                NTC_Init
 .text.NTC_CalcAvTemp
                0x08006ac8       0x4c ./Middlewares/MotorControl/ntc_temperature_sensor.o
                0x08006ac8                NTC_CalcAvTemp
 .text.NTC_GetAvTemp_C
                0x08006b14       0x24 ./Middlewares/MotorControl/ntc_temperature_sensor.o
                0x08006b14                NTC_GetAvTemp_C
 .text.PID_HandleInit
                0x08006b38       0x10 ./Middlewares/MotorControl/pid_regulator.o
                0x08006b38                PID_HandleInit
 .text.PID_SetKP
                0x08006b48        0x4 ./Middlewares/MotorControl/pid_regulator.o
                0x08006b48                PID_SetKP
 .text.PID_SetKI
                0x08006b4c        0x4 ./Middlewares/MotorControl/pid_regulator.o
                0x08006b4c                PID_SetKI
 .text.PID_GetKP
                0x08006b50        0x8 ./Middlewares/MotorControl/pid_regulator.o
                0x08006b50                PID_GetKP
 .text.PID_GetKI
                0x08006b58        0x8 ./Middlewares/MotorControl/pid_regulator.o
                0x08006b58                PID_GetKI
 .text.PID_SetIntegralTerm
                0x08006b60        0x4 ./Middlewares/MotorControl/pid_regulator.o
                0x08006b60                PID_SetIntegralTerm
 .text.PID_GetKPDivisorPOW2
                0x08006b64        0x4 ./Middlewares/MotorControl/pid_regulator.o
                0x08006b64                PID_GetKPDivisorPOW2
 .text.PID_SetKPDivisorPOW2
                0x08006b68        0xc ./Middlewares/MotorControl/pid_regulator.o
                0x08006b68                PID_SetKPDivisorPOW2
 .text.PID_GetKIDivisor
                0x08006b74        0x4 ./Middlewares/MotorControl/pid_regulator.o
                0x08006b74                PID_GetKIDivisor
 .text.PID_GetKIDivisorPOW2
                0x08006b78        0x4 ./Middlewares/MotorControl/pid_regulator.o
                0x08006b78                PID_GetKIDivisorPOW2
 .text.PID_SetLowerIntegralTermLimit
                0x08006b7c        0x4 ./Middlewares/MotorControl/pid_regulator.o
                0x08006b7c                PID_SetLowerIntegralTermLimit
 .text.PID_SetUpperIntegralTermLimit
                0x08006b80        0x4 ./Middlewares/MotorControl/pid_regulator.o
                0x08006b80                PID_SetUpperIntegralTermLimit
 .text.PID_SetKIDivisorPOW2
                0x08006b84       0x28 ./Middlewares/MotorControl/pid_regulator.o
                0x08006b84                PID_SetKIDivisorPOW2
 .text.PID_SetKD
                0x08006bac        0x4 ./Middlewares/MotorControl/pid_regulator.o
                0x08006bac                PID_SetKD
 .text.PID_GetKD
                0x08006bb0        0x8 ./Middlewares/MotorControl/pid_regulator.o
                0x08006bb0                PID_GetKD
 .text.PID_GetKDDivisorPOW2
                0x08006bb8        0x4 ./Middlewares/MotorControl/pid_regulator.o
                0x08006bb8                PID_GetKDDivisorPOW2
 .text.PID_SetKDDivisorPOW2
                0x08006bbc        0xc ./Middlewares/MotorControl/pid_regulator.o
                0x08006bbc                PID_SetKDDivisorPOW2
 .text.PI_Controller
                0x08006bc8       0x80 ./Middlewares/MotorControl/pid_regulator.o
                0x08006bc8                PI_Controller
 .text.RVBS_Init
                0x08006c48        0xc ./Middlewares/MotorControl/r_divider_bus_voltage_sensor.o
                0x08006c48                RVBS_Init
 .text.RVBS_CalcAvVbus
                0x08006c54       0x70 ./Middlewares/MotorControl/r_divider_bus_voltage_sensor.o
                0x08006c54                RVBS_CalcAvVbus
 .text.RUC_6S_Clear
                0x08006cc4       0x64 ./Middlewares/MotorControl/revup_ctrl_sixstep.o
                0x08006cc4                RUC_6S_Clear
 .text.RUC_6S_UpdatePulse
                0x08006d28       0x18 ./Middlewares/MotorControl/revup_ctrl_sixstep.o
                0x08006d28                RUC_6S_UpdatePulse
 .text.RUC_6S_Exec
                0x08006d40       0xec ./Middlewares/MotorControl/revup_ctrl_sixstep.o
                0x08006d40                RUC_6S_Exec
 .text.RUC_6S_IsAlignStageNow
                0x08006e2c       0x10 ./Middlewares/MotorControl/revup_ctrl_sixstep.o
                0x08006e2c                RUC_6S_IsAlignStageNow
 .text.RUC_6S_ObserverSpeedReached
                0x08006e3c       0x14 ./Middlewares/MotorControl/revup_ctrl_sixstep.o
                0x08006e3c                RUC_6S_ObserverSpeedReached
 .text.SPD_GetAvrgMecSpeedUnit
                0x08006e50        0x8 ./Middlewares/MotorControl/speed_pos_fdbk_sixstep.o
                0x08006e50                SPD_GetAvrgMecSpeedUnit
 .text.SPD_IsMecSpeedReliable
                0x08006e58       0x44 ./Middlewares/MotorControl/speed_pos_fdbk_sixstep.o
                0x08006e58                SPD_IsMecSpeedReliable
 .text.memset   0x08006e9c       0x10 C:/ST/STM32CubeIDE_1.16.1/STM32CubeIDE/plugins/com.st.stm32cube.ide.mcu.externaltools.gnu-tools-for-stm32.13.3.rel1.win32_1.0.0.202411081344/tools/bin/../lib/gcc/arm-none-eabi/13.3.1/../../../../arm-none-eabi/lib/thumb/v7e-m+fp/hard\libc_nano.a(libc_a-memset.o)
                0x08006e9c                memset
 .text.__libc_init_array
                0x08006eac       0x48 C:/ST/STM32CubeIDE_1.16.1/STM32CubeIDE/plugins/com.st.stm32cube.ide.mcu.externaltools.gnu-tools-for-stm32.13.3.rel1.win32_1.0.0.202411081344/tools/bin/../lib/gcc/arm-none-eabi/13.3.1/../../../../arm-none-eabi/lib/thumb/v7e-m+fp/hard\libc_nano.a(libc_a-init.o)
                0x08006eac                __libc_init_array
 *(.glue_7)
 .glue_7        0x08006ef4        0x0 linker stubs
 *(.glue_7t)
 .glue_7t       0x08006ef4        0x0 linker stubs
 *(.eh_frame)
 .eh_frame      0x08006ef4        0x0 C:/ST/STM32CubeIDE_1.16.1/STM32CubeIDE/plugins/com.st.stm32cube.ide.mcu.externaltools.gnu-tools-for-stm32.13.3.rel1.win32_1.0.0.202411081344/tools/bin/../lib/gcc/arm-none-eabi/13.3.1/thumb/v7e-m+fp/hard/crtbegin.o
 *(.init)
 .init          0x08006ef4        0x4 C:/ST/STM32CubeIDE_1.16.1/STM32CubeIDE/plugins/com.st.stm32cube.ide.mcu.externaltools.gnu-tools-for-stm32.13.3.rel1.win32_1.0.0.202411081344/tools/bin/../lib/gcc/arm-none-eabi/13.3.1/thumb/v7e-m+fp/hard/crti.o
                0x08006ef4                _init
 .init          0x08006ef8        0x8 C:/ST/STM32CubeIDE_1.16.1/STM32CubeIDE/plugins/com.st.stm32cube.ide.mcu.externaltools.gnu-tools-for-stm32.13.3.rel1.win32_1.0.0.202411081344/tools/bin/../lib/gcc/arm-none-eabi/13.3.1/thumb/v7e-m+fp/hard/crtn.o
 *(.fini)
 .fini          0x08006f00        0x4 C:/ST/STM32CubeIDE_1.16.1/STM32CubeIDE/plugins/com.st.stm32cube.ide.mcu.externaltools.gnu-tools-for-stm32.13.3.rel1.win32_1.0.0.202411081344/tools/bin/../lib/gcc/arm-none-eabi/13.3.1/thumb/v7e-m+fp/hard/crti.o
                0x08006f00                _fini
 .fini          0x08006f04        0x8 C:/ST/STM32CubeIDE_1.16.1/STM32CubeIDE/plugins/com.st.stm32cube.ide.mcu.externaltools.gnu-tools-for-stm32.13.3.rel1.win32_1.0.0.202411081344/tools/bin/../lib/gcc/arm-none-eabi/13.3.1/thumb/v7e-m+fp/hard/crtn.o
                0x08006f0c                        . = ALIGN (0x4)
                0x08006f0c                        _etext = .

.vfp11_veneer   0x08006f0c        0x0
 .vfp11_veneer  0x08006f0c        0x0 linker stubs

.v4_bx          0x08006f0c        0x0
 .v4_bx         0x08006f0c        0x0 linker stubs

.iplt           0x08006f0c        0x0
 .iplt          0x08006f0c        0x0 C:/ST/STM32CubeIDE_1.16.1/STM32CubeIDE/plugins/com.st.stm32cube.ide.mcu.externaltools.gnu-tools-for-stm32.13.3.rel1.win32_1.0.0.202411081344/tools/bin/../lib/gcc/arm-none-eabi/13.3.1/thumb/v7e-m+fp/hard/crtbegin.o

.rodata         0x08006f0c      0x238
                0x08006f0c                        . = ALIGN (0x4)
 *(.rodata)
 .rodata        0x08006f0c       0x18 ./Application/User/bemf_ADC_fdbk_sixstep.o
 *(.rodata*)
 .rodata.CRC4_Lookup4
                0x08006f24       0x10 ./Application/User/aspep.o
 .rodata.CRC4_Lookup8
                0x08006f34      0x100 ./Application/User/aspep.o
 .rodata.pADCbemf
                0x08007034       0x18 ./Application/User/bemf_ADC_fdbk_sixstep.o
 .rodata.M1_SixStepConfig_reg
                0x0800704c        0xd ./Application/User/mc_configuration_registers.o
 *fill*         0x08007059        0x3 
 .rodata.M1_MotorConfig_reg
                0x0800705c       0x3c ./Application/User/mc_configuration_registers.o
 .rodata.M1_ApplicationConfig_reg
                0x08007098       0x10 ./Application/User/mc_configuration_registers.o
 .rodata.globalConfig_reg
                0x080070a8        0xa ./Application/User/mc_configuration_registers.o
                0x080070a8                globalConfig_reg
 *fill*         0x080070b2        0x2 
 .rodata.FIRMWARE_NAME
                0x080070b4       0x14 ./Application/User/mc_configuration_registers.o
                0x080070b4                FIRMWARE_NAME
 .rodata.M1_PWR_BOARD
                0x080070c8       0x10 ./Application/User/mc_configuration_registers.o
 .rodata.CTL_BOARD
                0x080070d8       0x10 ./Application/User/mc_configuration_registers.o
                0x080070d8                CTL_BOARD
 .rodata.PWMC_ParamsM1
                0x080070e8       0x1c ./Application/User/mc_parameters.o
                0x080070e8                PWMC_ParamsM1
 .rodata.CHANNEL_OFFSET_TAB
                0x08007104        0x7 ./Application/User/usart_aspep_driver.o
 *fill*         0x0800710b        0x1 
 .rodata.APBPrescTable
                0x0800710c        0x8 ./Drivers/CMSIS/system_stm32f3xx.o
                0x0800710c                APBPrescTable
 .rodata.AHBPrescTable
                0x08007114       0x10 ./Drivers/CMSIS/system_stm32f3xx.o
                0x08007114                AHBPrescTable
 .rodata.aPredivFactorTable
                0x08007124       0x10 ./Drivers/STM32F3xx_HAL_Driver/stm32f3xx_hal_rcc.o
 .rodata.aPLLMULFactorTable
                0x08007134       0x10 ./Drivers/STM32F3xx_HAL_Driver/stm32f3xx_hal_rcc.o
                0x08007144                        . = ALIGN (0x4)

.ARM.extab      0x08007144        0x0
                0x08007144                        . = ALIGN (0x4)
 *(.ARM.extab* .gnu.linkonce.armextab.*)
                0x08007144                        . = ALIGN (0x4)

.ARM            0x08007144        0x0
                0x08007144                        . = ALIGN (0x4)
                0x08007144                        __exidx_start = .
 *(.ARM.exidx*)
                0x08007144                        __exidx_end = .
                0x08007144                        . = ALIGN (0x4)

.preinit_array  0x08007144        0x0
                0x08007144                        . = ALIGN (0x4)
                0x08007144                        PROVIDE (__preinit_array_start = .)
 *(.preinit_array*)
                0x08007144                        PROVIDE (__preinit_array_end = .)
                0x08007144                        . = ALIGN (0x4)

.init_array     0x08007144        0x4
                0x08007144                        . = ALIGN (0x4)
                0x08007144                        PROVIDE (__init_array_start = .)
 *(SORT_BY_NAME(.init_array.*))
 *(.init_array*)
 .init_array    0x08007144        0x4 C:/ST/STM32CubeIDE_1.16.1/STM32CubeIDE/plugins/com.st.stm32cube.ide.mcu.externaltools.gnu-tools-for-stm32.13.3.rel1.win32_1.0.0.202411081344/tools/bin/../lib/gcc/arm-none-eabi/13.3.1/thumb/v7e-m+fp/hard/crtbegin.o
                0x08007148                        PROVIDE (__init_array_end = .)
                0x08007148                        . = ALIGN (0x4)

.fini_array     0x08007148        0x4
                0x08007148                        . = ALIGN (0x4)
                [!provide]                        PROVIDE (__fini_array_start = .)
 *(SORT_BY_NAME(.fini_array.*))
 *(.fini_array*)
 .fini_array    0x08007148        0x4 C:/ST/STM32CubeIDE_1.16.1/STM32CubeIDE/plugins/com.st.stm32cube.ide.mcu.externaltools.gnu-tools-for-stm32.13.3.rel1.win32_1.0.0.202411081344/tools/bin/../lib/gcc/arm-none-eabi/13.3.1/thumb/v7e-m+fp/hard/crtbegin.o
                [!provide]                        PROVIDE (__fini_array_end = .)
                0x0800714c                        . = ALIGN (0x4)
                0x0800714c                        _sidata = LOADADDR (.data)

.rel.dyn        0x0800714c        0x0
 .rel.iplt      0x0800714c        0x0 C:/ST/STM32CubeIDE_1.16.1/STM32CubeIDE/plugins/com.st.stm32cube.ide.mcu.externaltools.gnu-tools-for-stm32.13.3.rel1.win32_1.0.0.202411081344/tools/bin/../lib/gcc/arm-none-eabi/13.3.1/thumb/v7e-m+fp/hard/crtbegin.o

.data           0x20000000      0x3ec load address 0x0800714c
                0x20000000                        . = ALIGN (0x4)
                0x20000000                        _sdata = .
 *(.data)
 *(.data*)
 .data.Mci      0x20000000       0x28 ./Application/User/mc_config.o
                0x20000000                Mci
 .data.pSDC     0x20000028        0x4 ./Application/User/mc_config.o
                0x20000028                pSDC
 .data.PWM_Handle_M1
                0x2000002c       0x30 ./Application/User/mc_config.o
                0x2000002c                PWM_Handle_M1
 .data.Bemf_ADC_M1
                0x2000005c       0xcc ./Application/User/mc_config.o
                0x2000005c                Bemf_ADC_M1
 .data.RevUpControlM1
                0x20000128       0x70 ./Application/User/mc_config.o
                0x20000128                RevUpControlM1
 .data.SpeednDutyCtrlM1
                0x20000198       0x30 ./Application/User/mc_config.o
 .data.PIDSpeedHandle_M1
                0x200001c8       0x2c ./Application/User/mc_config.o
                0x200001c8                PIDSpeedHandle_M1
 .data.BusVoltageSensor_M1
                0x200001f4       0x12 ./Application/User/mc_config_common.o
                0x200001f4                BusVoltageSensor_M1
 *fill*         0x20000206        0x2 
 .data.VbusRegConv_M1
                0x20000208       0x10 ./Application/User/mc_config_common.o
                0x20000208                VbusRegConv_M1
 .data.TempSensor_M1
                0x20000218       0x18 ./Application/User/mc_config_common.o
                0x20000218                TempSensor_M1
 .data.TempRegConv_M1
                0x20000230       0x10 ./Application/User/mc_config_common.o
                0x20000230                TempRegConv_M1
 .data.ApplicationConfig_reg
                0x20000240        0x4 ./Application/User/mc_configuration_registers.o
                0x20000240                ApplicationConfig_reg
 .data.MotorConfig_reg
                0x20000244        0x4 ./Application/User/mc_configuration_registers.o
                0x20000244                MotorConfig_reg
 .data.SixStepConfig_reg
                0x20000248        0x4 ./Application/User/mc_configuration_registers.o
                0x20000248                SixStepConfig_reg
 .data.PWR_BOARD_NAME
                0x2000024c        0x4 ./Application/User/mc_configuration_registers.o
                0x2000024c                PWR_BOARD_NAME
 .data.scaleParams_M1
                0x20000250       0x10 ./Application/User/mc_parameters.o
                0x20000250                scaleParams_M1
 .data.SixPwm_TimerCfgM1
                0x20000260       0xfc ./Application/User/mc_parameters.o
                0x20000260                SixPwm_TimerCfgM1
 .data.MCP_Over_UartA
                0x2000035c       0x10 ./Application/User/mcp_config.o
                0x2000035c                MCP_Over_UartA
 .data.aspepOverUartA
                0x2000036c       0x5c ./Application/User/mcp_config.o
                0x2000036c                aspepOverUartA
 .data.UASPEP_A
                0x200003c8       0x14 ./Application/User/mcp_config.o
 .data.SystickDividerCounter.0
                0x200003dc        0x1 ./Application/User/stm32_mc_common_it.o
 *fill*         0x200003dd        0x3 
 .data.SystemCoreClock
                0x200003e0        0x4 ./Drivers/CMSIS/system_stm32f3xx.o
                0x200003e0                SystemCoreClock
 .data.uwTickFreq
                0x200003e4        0x1 ./Drivers/STM32F3xx_HAL_Driver/stm32f3xx_hal.o
                0x200003e4                uwTickFreq
 *fill*         0x200003e5        0x3 
 .data.uwTickPrio
                0x200003e8        0x4 ./Drivers/STM32F3xx_HAL_Driver/stm32f3xx_hal.o
                0x200003e8                uwTickPrio
 *(.RamFunc)
 *(.RamFunc*)
                0x200003ec                        . = ALIGN (0x4)
                0x200003ec                        _edata = .
                0x08007538                        _siccmram = LOADADDR (.ccmram)

.igot.plt       0x200003ec        0x0 load address 0x08007538
 .igot.plt      0x200003ec        0x0 C:/ST/STM32CubeIDE_1.16.1/STM32CubeIDE/plugins/com.st.stm32cube.ide.mcu.externaltools.gnu-tools-for-stm32.13.3.rel1.win32_1.0.0.202411081344/tools/bin/../lib/gcc/arm-none-eabi/13.3.1/thumb/v7e-m+fp/hard/crtbegin.o

.ccmram         0x10000000        0x0 load address 0x08007538
                0x10000000                        . = ALIGN (0x4)
                0x10000000                        _sccmram = .
 *(.ccmram)
 *(.ccmram*)
                0x10000000                        . = ALIGN (0x4)
                0x10000000                        _eccmram = .
                0x10000000                        . = ALIGN (0x4)

.bss            0x200003ec      0x430
                0x200003ec                        _sbss = .
                0x200003ec                        __bss_start__ = _sbss
 *(.bss)
 .bss           0x200003ec       0x1c C:/ST/STM32CubeIDE_1.16.1/STM32CubeIDE/plugins/com.st.stm32cube.ide.mcu.externaltools.gnu-tools-for-stm32.13.3.rel1.win32_1.0.0.202411081344/tools/bin/../lib/gcc/arm-none-eabi/13.3.1/thumb/v7e-m+fp/hard/crtbegin.o
 *(.bss*)
 .bss.hdma_usart1_tx
                0x20000408       0x44 ./Application/User/main.o
                0x20000408                hdma_usart1_tx
 .bss.hdma_usart1_rx
                0x2000044c       0x44 ./Application/User/main.o
                0x2000044c                hdma_usart1_rx
 .bss.huart1    0x20000490       0x88 ./Application/User/main.o
                0x20000490                huart1
 .bss.htim2     0x20000518       0x4c ./Application/User/main.o
                0x20000518                htim2
 .bss.htim1     0x20000564       0x4c ./Application/User/main.o
                0x20000564                htim1
 .bss.hadc4     0x200005b0       0x50 ./Application/User/main.o
                0x200005b0                hadc4
 .bss.hadc3     0x20000600       0x50 ./Application/User/main.o
                0x20000600                hadc3
 .bss.hadc1     0x20000650       0x50 ./Application/User/main.o
                0x20000650                hadc1
 .bss.SixStepVars
                0x200006a0        0x4 ./Application/User/mc_config.o
                0x200006a0                SixStepVars
 .bss.pwmcHandle
                0x200006a4        0x4 ./Application/User/mc_config_common.o
                0x200006a4                pwmcHandle
 .bss.PerfTraces
                0x200006a8       0x38 ./Application/User/mc_config_common.o
                0x200006a8                PerfTraces
 .bss.bMCBootCompleted
                0x200006e0        0x1 ./Application/User/mc_tasks.o
 *fill*         0x200006e1        0x1 
 .bss.hStopPermanencyCounterM1
                0x200006e2        0x2 ./Application/User/mc_tasks.o
 .bss.hBootCapDelayCounterM1
                0x200006e4        0x2 ./Application/User/mc_tasks.o
 .bss.hMFTaskCounterM1
                0x200006e6        0x2 ./Application/User/mc_tasks.o
 .bss.MCP_UserCallBack
                0x200006e8        0x8 ./Application/User/mcp_config.o
                0x200006e8                MCP_UserCallBack
 .bss.MCPSyncRXBuff
                0x200006f0       0x82 ./Application/User/mcp_config.o
 *fill*         0x20000772        0x2 
 .bss.MCPSyncTxBuff
                0x20000774       0x86 ./Application/User/mcp_config.o
 *fill*         0x200007fa        0x2 
 .bss.pMCI      0x200007fc        0x4 ./Application/User/motorcontrol.o
                0x200007fc                pMCI
 .bss.RCM_conversion_nb
                0x20000800        0x1 ./Application/User/regular_conversion_manager.o
 .bss.RCM_array_index
                0x20000801        0x1 ./Application/User/regular_conversion_manager.o
 *fill*         0x20000802        0x2 
 .bss.RCM_handle_array
                0x20000804       0x10 ./Application/User/regular_conversion_manager.o
 .bss.HAL_RCC_ADC34_CLK_ENABLED
                0x20000814        0x4 ./Application/User/stm32f3xx_hal_msp.o
 .bss.uwTick    0x20000818        0x4 ./Drivers/STM32F3xx_HAL_Driver/stm32f3xx_hal.o
                0x20000818                uwTick
 *(COMMON)
                0x2000081c                        . = ALIGN (0x4)
                0x2000081c                        _ebss = .
                0x2000081c                        __bss_end__ = _ebss

._user_heap_stack
                0x2000081c      0x604
                0x20000820                        . = ALIGN (0x8)
 *fill*         0x2000081c        0x4 
                [!provide]                        PROVIDE (end = .)
                0x20000820                        PROVIDE (_end = .)
                0x20000a20                        . = (. + _Min_Heap_Size)
 *fill*         0x20000820      0x200 
                0x20000e20                        . = (. + _Min_Stack_Size)
 *fill*         0x20000a20      0x400 
                0x20000e20                        . = ALIGN (0x8)

/DISCARD/
 libc.a(*)
 libm.a(*)
 libgcc.a(*)

.ARM.attributes
                0x00000000       0x30
 *(.ARM.attributes)
 .ARM.attributes
                0x00000000       0x22 C:/ST/STM32CubeIDE_1.16.1/STM32CubeIDE/plugins/com.st.stm32cube.ide.mcu.externaltools.gnu-tools-for-stm32.13.3.rel1.win32_1.0.0.202411081344/tools/bin/../lib/gcc/arm-none-eabi/13.3.1/thumb/v7e-m+fp/hard/crti.o
 .ARM.attributes
                0x00000022       0x34 C:/ST/STM32CubeIDE_1.16.1/STM32CubeIDE/plugins/com.st.stm32cube.ide.mcu.externaltools.gnu-tools-for-stm32.13.3.rel1.win32_1.0.0.202411081344/tools/bin/../lib/gcc/arm-none-eabi/13.3.1/thumb/v7e-m+fp/hard/crtbegin.o
 .ARM.attributes
                0x00000056       0x21 ./Application/Startup/startup_stm32f303cbtx.o
 .ARM.attributes
                0x00000077       0x30 ./Application/User/aspep.o
 .ARM.attributes
                0x000000a7       0x30 ./Application/User/bemf_ADC_fdbk_sixstep.o
 .ARM.attributes
                0x000000d7       0x30 ./Application/User/main.o
 .ARM.attributes
                0x00000107       0x30 ./Application/User/mc_app_hooks.o
 .ARM.attributes
                0x00000137       0x30 ./Application/User/mc_config.o
 .ARM.attributes
                0x00000167       0x30 ./Application/User/mc_config_common.o
 .ARM.attributes
                0x00000197       0x30 ./Application/User/mc_configuration_registers.o
 .ARM.attributes
                0x000001c7       0x30 ./Application/User/mc_interface.o
 .ARM.attributes
                0x000001f7       0x30 ./Application/User/mc_parameters.o
 .ARM.attributes
                0x00000227       0x30 ./Application/User/mc_perf.o
 .ARM.attributes
                0x00000257       0x30 ./Application/User/mc_tasks.o
 .ARM.attributes
                0x00000287       0x30 ./Application/User/mc_tasks_sixstep.o
 .ARM.attributes
                0x000002b7       0x30 ./Application/User/mcp.o
 .ARM.attributes
                0x000002e7       0x30 ./Application/User/mcp_config.o
 .ARM.attributes
                0x00000317       0x30 ./Application/User/motorcontrol.o
 .ARM.attributes
                0x00000347       0x30 ./Application/User/pwmc_sixstep.o
 .ARM.attributes
                0x00000377       0x30 ./Application/User/regular_conversion_manager.o
 .ARM.attributes
                0x000003a7       0x30 ./Application/User/speed_duty_ctrl.o
 .ARM.attributes
                0x000003d7       0x30 ./Application/User/stm32_mc_common_it.o
 .ARM.attributes
                0x00000407       0x30 ./Application/User/stm32f30x_mc_it.o
 .ARM.attributes
                0x00000437       0x30 ./Application/User/stm32f3xx_hal_msp.o
 .ARM.attributes
                0x00000467       0x30 ./Application/User/sync_registers.o
 .ARM.attributes
                0x00000497       0x30 ./Application/User/usart_aspep_driver.o
 .ARM.attributes
                0x000004c7       0x30 ./Drivers/CMSIS/system_stm32f3xx.o
 .ARM.attributes
                0x000004f7       0x30 ./Drivers/STM32F3xx_HAL_Driver/stm32f3xx_hal.o
 .ARM.attributes
                0x00000527       0x30 ./Drivers/STM32F3xx_HAL_Driver/stm32f3xx_hal_adc_ex.o
 .ARM.attributes
                0x00000557       0x30 ./Drivers/STM32F3xx_HAL_Driver/stm32f3xx_hal_cortex.o
 .ARM.attributes
                0x00000587       0x30 ./Drivers/STM32F3xx_HAL_Driver/stm32f3xx_hal_dma.o
 .ARM.attributes
                0x000005b7       0x30 ./Drivers/STM32F3xx_HAL_Driver/stm32f3xx_hal_gpio.o
 .ARM.attributes
                0x000005e7       0x30 ./Drivers/STM32F3xx_HAL_Driver/stm32f3xx_hal_rcc.o
 .ARM.attributes
                0x00000617       0x30 ./Drivers/STM32F3xx_HAL_Driver/stm32f3xx_hal_rcc_ex.o
 .ARM.attributes
                0x00000647       0x30 ./Drivers/STM32F3xx_HAL_Driver/stm32f3xx_hal_tim.o
 .ARM.attributes
                0x00000677       0x30 ./Drivers/STM32F3xx_HAL_Driver/stm32f3xx_hal_tim_ex.o
 .ARM.attributes
                0x000006a7       0x30 ./Drivers/STM32F3xx_HAL_Driver/stm32f3xx_hal_uart.o
 .ARM.attributes
                0x000006d7       0x30 ./Middlewares/MotorControl/bus_voltage_sensor.o
 .ARM.attributes
                0x00000707       0x30 ./Middlewares/MotorControl/ntc_temperature_sensor.o
 .ARM.attributes
                0x00000737       0x30 ./Middlewares/MotorControl/pid_regulator.o
 .ARM.attributes
                0x00000767       0x30 ./Middlewares/MotorControl/r_divider_bus_voltage_sensor.o
 .ARM.attributes
                0x00000797       0x30 ./Middlewares/MotorControl/revup_ctrl_sixstep.o
 .ARM.attributes
                0x000007c7       0x30 ./Middlewares/MotorControl/speed_pos_fdbk_sixstep.o
 .ARM.attributes
                0x000007f7       0x34 C:/ST/STM32CubeIDE_1.16.1/STM32CubeIDE/plugins/com.st.stm32cube.ide.mcu.externaltools.gnu-tools-for-stm32.13.3.rel1.win32_1.0.0.202411081344/tools/bin/../lib/gcc/arm-none-eabi/13.3.1/../../../../arm-none-eabi/lib/thumb/v7e-m+fp/hard\libc_nano.a(libc_a-memset.o)
 .ARM.attributes
                0x0000082b       0x34 C:/ST/STM32CubeIDE_1.16.1/STM32CubeIDE/plugins/com.st.stm32cube.ide.mcu.externaltools.gnu-tools-for-stm32.13.3.rel1.win32_1.0.0.202411081344/tools/bin/../lib/gcc/arm-none-eabi/13.3.1/../../../../arm-none-eabi/lib/thumb/v7e-m+fp/hard\libc_nano.a(libc_a-init.o)
 .ARM.attributes
                0x0000085f       0x22 C:/ST/STM32CubeIDE_1.16.1/STM32CubeIDE/plugins/com.st.stm32cube.ide.mcu.externaltools.gnu-tools-for-stm32.13.3.rel1.win32_1.0.0.202411081344/tools/bin/../lib/gcc/arm-none-eabi/13.3.1/thumb/v7e-m+fp/hard\libgcc.a(_arm_muldf3.o)
 .ARM.attributes
                0x00000881       0x22 C:/ST/STM32CubeIDE_1.16.1/STM32CubeIDE/plugins/com.st.stm32cube.ide.mcu.externaltools.gnu-tools-for-stm32.13.3.rel1.win32_1.0.0.202411081344/tools/bin/../lib/gcc/arm-none-eabi/13.3.1/thumb/v7e-m+fp/hard\libgcc.a(_arm_addsubdf3.o)
 .ARM.attributes
                0x000008a3       0x22 C:/ST/STM32CubeIDE_1.16.1/STM32CubeIDE/plugins/com.st.stm32cube.ide.mcu.externaltools.gnu-tools-for-stm32.13.3.rel1.win32_1.0.0.202411081344/tools/bin/../lib/gcc/arm-none-eabi/13.3.1/thumb/v7e-m+fp/hard\libgcc.a(_arm_fixunsdfsi.o)
 .ARM.attributes
                0x000008c5       0x22 C:/ST/STM32CubeIDE_1.16.1/STM32CubeIDE/plugins/com.st.stm32cube.ide.mcu.externaltools.gnu-tools-for-stm32.13.3.rel1.win32_1.0.0.202411081344/tools/bin/../lib/gcc/arm-none-eabi/13.3.1/thumb/v7e-m+fp/hard/crtn.o
OUTPUT(STEVAL-ESC001V1.elf elf32-littlearm)
LOAD linker stubs
LOAD C:/ST/STM32CubeIDE_1.16.1/STM32CubeIDE/plugins/com.st.stm32cube.ide.mcu.externaltools.gnu-tools-for-stm32.13.3.rel1.win32_1.0.0.202411081344/tools/bin/../lib/gcc/arm-none-eabi/13.3.1/../../../../arm-none-eabi/lib/thumb/v7e-m+fp/hard\libc.a
LOAD C:/ST/STM32CubeIDE_1.16.1/STM32CubeIDE/plugins/com.st.stm32cube.ide.mcu.externaltools.gnu-tools-for-stm32.13.3.rel1.win32_1.0.0.202411081344/tools/bin/../lib/gcc/arm-none-eabi/13.3.1/../../../../arm-none-eabi/lib/thumb/v7e-m+fp/hard\libm.a
LOAD C:/ST/STM32CubeIDE_1.16.1/STM32CubeIDE/plugins/com.st.stm32cube.ide.mcu.externaltools.gnu-tools-for-stm32.13.3.rel1.win32_1.0.0.202411081344/tools/bin/../lib/gcc/arm-none-eabi/13.3.1/thumb/v7e-m+fp/hard\libgcc.a

.debug_line     0x00000000    0x33be5
 .debug_line    0x00000000       0x7a ./Application/Startup/startup_stm32f303cbtx.o
 .debug_line    0x0000007a     0x14b5 ./Application/User/aspep.o
 .debug_line    0x0000152f     0x1ada ./Application/User/bemf_ADC_fdbk_sixstep.o
 .debug_line    0x00003009     0x1621 ./Application/User/main.o
 .debug_line    0x0000462a      0x941 ./Application/User/mc_app_hooks.o
 .debug_line    0x00004f6b      0xb92 ./Application/User/mc_config.o
 .debug_line    0x00005afd      0xb99 ./Application/User/mc_config_common.o
 .debug_line    0x00006696      0xaa5 ./Application/User/mc_configuration_registers.o
 .debug_line    0x0000713b     0x121b ./Application/User/mc_interface.o
 .debug_line    0x00008356      0xb83 ./Application/User/mc_parameters.o
 .debug_line    0x00008ed9      0xf3d ./Application/User/mc_perf.o
 .debug_line    0x00009e16     0x10a2 ./Application/User/mc_tasks.o
 .debug_line    0x0000aeb8     0x1035 ./Application/User/mc_tasks_sixstep.o
 .debug_line    0x0000beed     0x107a ./Application/User/mcp.o
 .debug_line    0x0000cf67      0xa1c ./Application/User/mcp_config.o
 .debug_line    0x0000d983      0xbd2 ./Application/User/motorcontrol.o
 .debug_line    0x0000e555     0x1000 ./Application/User/pwmc_sixstep.o
 .debug_line    0x0000f555     0x1027 ./Application/User/regular_conversion_manager.o
 .debug_line    0x0001057c      0xcd4 ./Application/User/speed_duty_ctrl.o
 .debug_line    0x00011250     0x10f9 ./Application/User/stm32_mc_common_it.o
 .debug_line    0x00012349      0xdda ./Application/User/stm32f30x_mc_it.o
 .debug_line    0x00013123     0x100e ./Application/User/stm32f3xx_hal_msp.o
 .debug_line    0x00014131     0x1f62 ./Application/User/sync_registers.o
 .debug_line    0x00016093     0x111e ./Application/User/usart_aspep_driver.o
 .debug_line    0x000171b1      0x871 ./Drivers/CMSIS/system_stm32f3xx.o
 .debug_line    0x00017a22      0xb4b ./Drivers/STM32F3xx_HAL_Driver/stm32f3xx_hal.o
 .debug_line    0x0001856d     0x3254 ./Drivers/STM32F3xx_HAL_Driver/stm32f3xx_hal_adc_ex.o
 .debug_line    0x0001b7c1      0xe1f ./Drivers/STM32F3xx_HAL_Driver/stm32f3xx_hal_cortex.o
 .debug_line    0x0001c5e0     0x10f3 ./Drivers/STM32F3xx_HAL_Driver/stm32f3xx_hal_dma.o
 .debug_line    0x0001d6d3     0x1032 ./Drivers/STM32F3xx_HAL_Driver/stm32f3xx_hal_gpio.o
 .debug_line    0x0001e705     0x1bf1 ./Drivers/STM32F3xx_HAL_Driver/stm32f3xx_hal_rcc.o
 .debug_line    0x000202f6      0xf9a ./Drivers/STM32F3xx_HAL_Driver/stm32f3xx_hal_rcc_ex.o
 .debug_line    0x00021290     0x64d7 ./Drivers/STM32F3xx_HAL_Driver/stm32f3xx_hal_tim.o
 .debug_line    0x00027767     0x1e81 ./Drivers/STM32F3xx_HAL_Driver/stm32f3xx_hal_tim_ex.o
 .debug_line    0x000295e8     0x5fcb ./Drivers/STM32F3xx_HAL_Driver/stm32f3xx_hal_uart.o
 .debug_line    0x0002f5b3      0x9df ./Middlewares/MotorControl/bus_voltage_sensor.o
 .debug_line    0x0002ff92      0xb1d ./Middlewares/MotorControl/ntc_temperature_sensor.o
 .debug_line    0x00030aaf      0xe19 ./Middlewares/MotorControl/pid_regulator.o
 .debug_line    0x000318c8      0xb27 ./Middlewares/MotorControl/r_divider_bus_voltage_sensor.o
 .debug_line    0x000323ef      0xd4f ./Middlewares/MotorControl/revup_ctrl_sixstep.o
 .debug_line    0x0003313e      0xaa7 ./Middlewares/MotorControl/speed_pos_fdbk_sixstep.o

.debug_line_str
                0x00000000       0x78
 .debug_line_str
                0x00000000       0x78 ./Application/Startup/startup_stm32f303cbtx.o

.debug_info     0x00000000    0x2ec82
 .debug_info    0x00000000       0x30 ./Application/Startup/startup_stm32f303cbtx.o
 .debug_info    0x00000030     0x1048 ./Application/User/aspep.o
 .debug_info    0x00001078     0x2308 ./Application/User/bemf_ADC_fdbk_sixstep.o
 .debug_info    0x00003380     0x259b ./Application/User/main.o
 .debug_info    0x0000591b      0x162 ./Application/User/mc_app_hooks.o
 .debug_info    0x00005a7d     0x1295 ./Application/User/mc_config.o
 .debug_info    0x00006d12      0xb0e ./Application/User/mc_config_common.o
 .debug_info    0x00007820      0x519 ./Application/User/mc_configuration_registers.o
 .debug_info    0x00007d39     0x174a ./Application/User/mc_interface.o
 .debug_info    0x00009483      0x524 ./Application/User/mc_parameters.o
 .debug_info    0x000099a7      0x925 ./Application/User/mc_perf.o
 .debug_info    0x0000a2cc     0x1d3f ./Application/User/mc_tasks.o
 .debug_info    0x0000c00b     0x1c06 ./Application/User/mc_tasks_sixstep.o
 .debug_info    0x0000dc11     0x1392 ./Application/User/mcp.o
 .debug_info    0x0000efa3      0x88d ./Application/User/mcp_config.o
 .debug_info    0x0000f830      0xf15 ./Application/User/motorcontrol.o
 .debug_info    0x00010745      0xf80 ./Application/User/pwmc_sixstep.o
 .debug_info    0x000116c5      0xc09 ./Application/User/regular_conversion_manager.o
 .debug_info    0x000122ce      0x6d2 ./Application/User/speed_duty_ctrl.o
 .debug_info    0x000129a0     0x108e ./Application/User/stm32_mc_common_it.o
 .debug_info    0x00013a2e     0x127d ./Application/User/stm32f30x_mc_it.o
 .debug_info    0x00014cab     0x1752 ./Application/User/stm32f3xx_hal_msp.o
 .debug_info    0x000163fd     0x272b ./Application/User/sync_registers.o
 .debug_info    0x00018b28     0x110a ./Application/User/usart_aspep_driver.o
 .debug_info    0x00019c32      0x41b ./Drivers/CMSIS/system_stm32f3xx.o
 .debug_info    0x0001a04d      0x8ac ./Drivers/STM32F3xx_HAL_Driver/stm32f3xx_hal.o
 .debug_info    0x0001a8f9     0x1d14 ./Drivers/STM32F3xx_HAL_Driver/stm32f3xx_hal_adc_ex.o
 .debug_info    0x0001c60d      0xf73 ./Drivers/STM32F3xx_HAL_Driver/stm32f3xx_hal_cortex.o
 .debug_info    0x0001d580      0x83f ./Drivers/STM32F3xx_HAL_Driver/stm32f3xx_hal_dma.o
 .debug_info    0x0001ddbf      0x630 ./Drivers/STM32F3xx_HAL_Driver/stm32f3xx_hal_gpio.o
 .debug_info    0x0001e3ef     0x154b ./Drivers/STM32F3xx_HAL_Driver/stm32f3xx_hal_rcc.o
 .debug_info    0x0001f93a      0x79d ./Drivers/STM32F3xx_HAL_Driver/stm32f3xx_hal_rcc_ex.o
 .debug_info    0x000200d7     0x4e3d ./Drivers/STM32F3xx_HAL_Driver/stm32f3xx_hal_tim.o
 .debug_info    0x00024f14     0x1ca5 ./Drivers/STM32F3xx_HAL_Driver/stm32f3xx_hal_tim_ex.o
 .debug_info    0x00026bb9     0x6337 ./Drivers/STM32F3xx_HAL_Driver/stm32f3xx_hal_uart.o
 .debug_info    0x0002cef0      0x262 ./Middlewares/MotorControl/bus_voltage_sensor.o
 .debug_info    0x0002d152      0x397 ./Middlewares/MotorControl/ntc_temperature_sensor.o
 .debug_info    0x0002d4e9      0x889 ./Middlewares/MotorControl/pid_regulator.o
 .debug_info    0x0002dd72      0x31e ./Middlewares/MotorControl/r_divider_bus_voltage_sensor.o
 .debug_info    0x0002e090      0x8ac ./Middlewares/MotorControl/revup_ctrl_sixstep.o
 .debug_info    0x0002e93c      0x346 ./Middlewares/MotorControl/speed_pos_fdbk_sixstep.o

.debug_abbrev   0x00000000     0x65ec
 .debug_abbrev  0x00000000       0x24 ./Application/Startup/startup_stm32f303cbtx.o
 .debug_abbrev  0x00000024      0x39c ./Application/User/aspep.o
 .debug_abbrev  0x000003c0      0x3fd ./Application/User/bemf_ADC_fdbk_sixstep.o
 .debug_abbrev  0x000007bd      0x3bb ./Application/User/main.o
 .debug_abbrev  0x00000b78       0x99 ./Application/User/mc_app_hooks.o
 .debug_abbrev  0x00000c11      0x171 ./Application/User/mc_config.o
 .debug_abbrev  0x00000d82      0x13e ./Application/User/mc_config_common.o
 .debug_abbrev  0x00000ec0      0x10b ./Application/User/mc_configuration_registers.o
 .debug_abbrev  0x00000fcb      0x3b5 ./Application/User/mc_interface.o
 .debug_abbrev  0x00001380       0xef ./Application/User/mc_parameters.o
 .debug_abbrev  0x0000146f      0x20b ./Application/User/mc_perf.o
 .debug_abbrev  0x0000167a      0x3fd ./Application/User/mc_tasks.o
 .debug_abbrev  0x00001a77      0x39f ./Application/User/mc_tasks_sixstep.o
 .debug_abbrev  0x00001e16      0x2f3 ./Application/User/mcp.o
 .debug_abbrev  0x00002109      0x1bd ./Application/User/mcp_config.o
 .debug_abbrev  0x000022c6      0x216 ./Application/User/motorcontrol.o
 .debug_abbrev  0x000024dc      0x2fd ./Application/User/pwmc_sixstep.o
 .debug_abbrev  0x000027d9      0x2c6 ./Application/User/regular_conversion_manager.o
 .debug_abbrev  0x00002a9f      0x216 ./Application/User/speed_duty_ctrl.o
 .debug_abbrev  0x00002cb5      0x332 ./Application/User/stm32_mc_common_it.o
 .debug_abbrev  0x00002fe7      0x2a4 ./Application/User/stm32f30x_mc_it.o
 .debug_abbrev  0x0000328b      0x2b8 ./Application/User/stm32f3xx_hal_msp.o
 .debug_abbrev  0x00003543      0x3e7 ./Application/User/sync_registers.o
 .debug_abbrev  0x0000392a      0x2b2 ./Application/User/usart_aspep_driver.o
 .debug_abbrev  0x00003bdc      0x120 ./Drivers/CMSIS/system_stm32f3xx.o
 .debug_abbrev  0x00003cfc      0x286 ./Drivers/STM32F3xx_HAL_Driver/stm32f3xx_hal.o
 .debug_abbrev  0x00003f82      0x374 ./Drivers/STM32F3xx_HAL_Driver/stm32f3xx_hal_adc_ex.o
 .debug_abbrev  0x000042f6      0x387 ./Drivers/STM32F3xx_HAL_Driver/stm32f3xx_hal_cortex.o
 .debug_abbrev  0x0000467d      0x270 ./Drivers/STM32F3xx_HAL_Driver/stm32f3xx_hal_dma.o
 .debug_abbrev  0x000048ed      0x1f8 ./Drivers/STM32F3xx_HAL_Driver/stm32f3xx_hal_gpio.o
 .debug_abbrev  0x00004ae5      0x39d ./Drivers/STM32F3xx_HAL_Driver/stm32f3xx_hal_rcc.o
 .debug_abbrev  0x00004e82      0x2bd ./Drivers/STM32F3xx_HAL_Driver/stm32f3xx_hal_rcc_ex.o
 .debug_abbrev  0x0000513f      0x391 ./Drivers/STM32F3xx_HAL_Driver/stm32f3xx_hal_tim.o
 .debug_abbrev  0x000054d0      0x38e ./Drivers/STM32F3xx_HAL_Driver/stm32f3xx_hal_tim_ex.o
 .debug_abbrev  0x0000585e      0x47d ./Drivers/STM32F3xx_HAL_Driver/stm32f3xx_hal_uart.o
 .debug_abbrev  0x00005cdb      0x10d ./Middlewares/MotorControl/bus_voltage_sensor.o
 .debug_abbrev  0x00005de8      0x197 ./Middlewares/MotorControl/ntc_temperature_sensor.o
 .debug_abbrev  0x00005f7f      0x1b2 ./Middlewares/MotorControl/pid_regulator.o
 .debug_abbrev  0x00006131      0x183 ./Middlewares/MotorControl/r_divider_bus_voltage_sensor.o
 .debug_abbrev  0x000062b4      0x207 ./Middlewares/MotorControl/revup_ctrl_sixstep.o
 .debug_abbrev  0x000064bb      0x131 ./Middlewares/MotorControl/speed_pos_fdbk_sixstep.o

.debug_aranges  0x00000000     0x1408
 .debug_aranges
                0x00000000       0x28 ./Application/Startup/startup_stm32f303cbtx.o
 .debug_aranges
                0x00000028       0x60 ./Application/User/aspep.o
 .debug_aranges
                0x00000088       0xa0 ./Application/User/bemf_ADC_fdbk_sixstep.o
 .debug_aranges
                0x00000128       0x30 ./Application/User/main.o
 .debug_aranges
                0x00000158       0x28 ./Application/User/mc_app_hooks.o
 .debug_aranges
                0x00000180       0x18 ./Application/User/mc_config.o
 .debug_aranges
                0x00000198       0x18 ./Application/User/mc_config_common.o
 .debug_aranges
                0x000001b0       0x18 ./Application/User/mc_configuration_registers.o
 .debug_aranges
                0x000001c8       0xf0 ./Application/User/mc_interface.o
 .debug_aranges
                0x000002b8       0x18 ./Application/User/mc_parameters.o
 .debug_aranges
                0x000002d0       0x58 ./Application/User/mc_perf.o
 .debug_aranges
                0x00000328       0x68 ./Application/User/mc_tasks.o
 .debug_aranges
                0x00000390       0x40 ./Application/User/mc_tasks_sixstep.o
 .debug_aranges
                0x000003d0       0x38 ./Application/User/mcp.o
 .debug_aranges
                0x00000408       0x18 ./Application/User/mcp_config.o
 .debug_aranges
                0x00000420       0x20 ./Application/User/motorcontrol.o
 .debug_aranges
                0x00000440       0x78 ./Application/User/pwmc_sixstep.o
 .debug_aranges
                0x000004b8       0x40 ./Application/User/regular_conversion_manager.o
 .debug_aranges
                0x000004f8       0x38 ./Application/User/speed_duty_ctrl.o
 .debug_aranges
                0x00000530       0x30 ./Application/User/stm32_mc_common_it.o
 .debug_aranges
                0x00000560       0x30 ./Application/User/stm32f30x_mc_it.o
 .debug_aranges
                0x00000590       0x58 ./Application/User/stm32f3xx_hal_msp.o
 .debug_aranges
                0x000005e8       0x40 ./Application/User/sync_registers.o
 .debug_aranges
                0x00000628       0x48 ./Application/User/usart_aspep_driver.o
 .debug_aranges
                0x00000670       0x28 ./Drivers/CMSIS/system_stm32f3xx.o
 .debug_aranges
                0x00000698       0xe0 ./Drivers/STM32F3xx_HAL_Driver/stm32f3xx_hal.o
 .debug_aranges
                0x00000778      0x168 ./Drivers/STM32F3xx_HAL_Driver/stm32f3xx_hal_adc_ex.o
 .debug_aranges
                0x000008e0       0xb8 ./Drivers/STM32F3xx_HAL_Driver/stm32f3xx_hal_cortex.o
 .debug_aranges
                0x00000998       0x78 ./Drivers/STM32F3xx_HAL_Driver/stm32f3xx_hal_dma.o
 .debug_aranges
                0x00000a10       0x58 ./Drivers/STM32F3xx_HAL_Driver/stm32f3xx_hal_gpio.o
 .debug_aranges
                0x00000a68       0x88 ./Drivers/STM32F3xx_HAL_Driver/stm32f3xx_hal_rcc.o
 .debug_aranges
                0x00000af0       0x30 ./Drivers/STM32F3xx_HAL_Driver/stm32f3xx_hal_rcc_ex.o
 .debug_aranges
                0x00000b20      0x390 ./Drivers/STM32F3xx_HAL_Driver/stm32f3xx_hal_tim.o
 .debug_aranges
                0x00000eb0      0x170 ./Drivers/STM32F3xx_HAL_Driver/stm32f3xx_hal_tim_ex.o
 .debug_aranges
                0x00001020      0x218 ./Drivers/STM32F3xx_HAL_Driver/stm32f3xx_hal_uart.o
 .debug_aranges
                0x00001238       0x28 ./Middlewares/MotorControl/bus_voltage_sensor.o
 .debug_aranges
                0x00001260       0x30 ./Middlewares/MotorControl/ntc_temperature_sensor.o
 .debug_aranges
                0x00001290       0xd8 ./Middlewares/MotorControl/pid_regulator.o
 .debug_aranges
                0x00001368       0x28 ./Middlewares/MotorControl/r_divider_bus_voltage_sensor.o
 .debug_aranges
                0x00001390       0x40 ./Middlewares/MotorControl/revup_ctrl_sixstep.o
 .debug_aranges
                0x000013d0       0x38 ./Middlewares/MotorControl/speed_pos_fdbk_sixstep.o

.debug_str      0x00000000    0xe90e1
 .debug_str     0x00000000    0xe90e1 ./Application/Startup/startup_stm32f303cbtx.o
                                 0x94 (size before relaxing)
 .debug_str     0x000e90e1    0xd99b7 ./Application/User/aspep.o
 .debug_str     0x000e90e1    0xd5eb6 ./Application/User/bemf_ADC_fdbk_sixstep.o
 .debug_str     0x000e90e1    0xdb386 ./Application/User/main.o
 .debug_str     0x000e90e1    0xd4eb3 ./Application/User/mc_app_hooks.o
 .debug_str     0x000e90e1    0xdaccb ./Application/User/mc_config.o
 .debug_str     0x000e90e1    0xda2a8 ./Application/User/mc_config_common.o
 .debug_str     0x000e90e1    0xdcd9b ./Application/User/mc_configuration_registers.o
 .debug_str     0x000e90e1    0xda79a ./Application/User/mc_interface.o
 .debug_str     0x000e90e1    0xdad3b ./Application/User/mc_parameters.o
 .debug_str     0x000e90e1    0xd9f51 ./Application/User/mc_perf.o
 .debug_str     0x000e90e1    0xdba2c ./Application/User/mc_tasks.o
 .debug_str     0x000e90e1    0xdbb85 ./Application/User/mc_tasks_sixstep.o
 .debug_str     0x000e90e1    0xde013 ./Application/User/mcp.o
 .debug_str     0x000e90e1    0xd9d9e ./Application/User/mcp_config.o
 .debug_str     0x000e90e1    0xdac6d ./Application/User/motorcontrol.o
 .debug_str     0x000e90e1    0xd55b8 ./Application/User/pwmc_sixstep.o
 .debug_str     0x000e90e1    0xd59e7 ./Application/User/regular_conversion_manager.o
 .debug_str     0x000e90e1    0xd53f1 ./Application/User/speed_duty_ctrl.o
 .debug_str     0x000e90e1    0xda7d7 ./Application/User/stm32_mc_common_it.o
 .debug_str     0x000e90e1    0xda5a2 ./Application/User/stm32f30x_mc_it.o
 .debug_str     0x000e90e1    0xdac34 ./Application/User/stm32f3xx_hal_msp.o
 .debug_str     0x000e90e1    0xe1d20 ./Application/User/sync_registers.o
 .debug_str     0x000e90e1    0xd96ef ./Application/User/usart_aspep_driver.o
 .debug_str     0x000e90e1    0xb8477 ./Drivers/CMSIS/system_stm32f3xx.o
 .debug_str     0x000e90e1    0xb8cba ./Drivers/STM32F3xx_HAL_Driver/stm32f3xx_hal.o
 .debug_str     0x000e90e1    0xb919a ./Drivers/STM32F3xx_HAL_Driver/stm32f3xx_hal_adc_ex.o
 .debug_str     0x000e90e1    0xb8d3e ./Drivers/STM32F3xx_HAL_Driver/stm32f3xx_hal_cortex.o
 .debug_str     0x000e90e1    0xb87c4 ./Drivers/STM32F3xx_HAL_Driver/stm32f3xx_hal_dma.o
 .debug_str     0x000e90e1    0xb85e9 ./Drivers/STM32F3xx_HAL_Driver/stm32f3xx_hal_gpio.o
 .debug_str     0x000e90e1    0xb891c ./Drivers/STM32F3xx_HAL_Driver/stm32f3xx_hal_rcc.o
 .debug_str     0x000e90e1    0xb86e0 ./Drivers/STM32F3xx_HAL_Driver/stm32f3xx_hal_rcc_ex.o
 .debug_str     0x000e90e1    0xb98b3 ./Drivers/STM32F3xx_HAL_Driver/stm32f3xx_hal_tim.o
 .debug_str     0x000e90e1    0xb90f9 ./Drivers/STM32F3xx_HAL_Driver/stm32f3xx_hal_tim_ex.o
 .debug_str     0x000e90e1    0xb919f ./Drivers/STM32F3xx_HAL_Driver/stm32f3xx_hal_uart.o
 .debug_str     0x000e90e1    0xd4f9c ./Middlewares/MotorControl/bus_voltage_sensor.o
 .debug_str     0x000e90e1    0xd5023 ./Middlewares/MotorControl/ntc_temperature_sensor.o
 .debug_str     0x000e90e1    0xd526a ./Middlewares/MotorControl/pid_regulator.o
 .debug_str     0x000e90e1    0xd5068 ./Middlewares/MotorControl/r_divider_bus_voltage_sensor.o
 .debug_str     0x000e90e1    0xd56d9 ./Middlewares/MotorControl/revup_ctrl_sixstep.o
 .debug_str     0x000e90e1    0xd5048 ./Middlewares/MotorControl/speed_pos_fdbk_sixstep.o

.debug_rnglists
                0x00000000     0x21b6
 .debug_rnglists
                0x00000000       0x19 ./Application/Startup/startup_stm32f303cbtx.o
 .debug_rnglists
                0x00000019       0xe2 ./Application/User/aspep.o
 .debug_rnglists
                0x000000fb      0x1ab ./Application/User/bemf_ADC_fdbk_sixstep.o
 .debug_rnglists
                0x000002a6       0x70 ./Application/User/main.o
 .debug_rnglists
                0x00000316       0x19 ./Application/User/mc_app_hooks.o
 .debug_rnglists
                0x0000032f      0x112 ./Application/User/mc_interface.o
 .debug_rnglists
                0x00000441       0x3e ./Application/User/mc_perf.o
 .debug_rnglists
                0x0000047f       0xfd ./Application/User/mc_tasks.o
 .debug_rnglists
                0x0000057c       0x5d ./Application/User/mc_tasks_sixstep.o
 .debug_rnglists
                0x000005d9       0x28 ./Application/User/mcp.o
 .debug_rnglists
                0x00000601       0x13 ./Application/User/motorcontrol.o
 .debug_rnglists
                0x00000614       0xce ./Application/User/pwmc_sixstep.o
 .debug_rnglists
                0x000006e2       0xbc ./Application/User/regular_conversion_manager.o
 .debug_rnglists
                0x0000079e       0x27 ./Application/User/speed_duty_ctrl.o
 .debug_rnglists
                0x000007c5      0x173 ./Application/User/stm32_mc_common_it.o
 .debug_rnglists
                0x00000938       0x94 ./Application/User/stm32f30x_mc_it.o
 .debug_rnglists
                0x000009cc       0xbf ./Application/User/stm32f3xx_hal_msp.o
 .debug_rnglists
                0x00000a8b      0x267 ./Application/User/sync_registers.o
 .debug_rnglists
                0x00000cf2       0xe0 ./Application/User/usart_aspep_driver.o
 .debug_rnglists
                0x00000dd2       0x19 ./Drivers/CMSIS/system_stm32f3xx.o
 .debug_rnglists
                0x00000deb       0xa3 ./Drivers/STM32F3xx_HAL_Driver/stm32f3xx_hal.o
 .debug_rnglists
                0x00000e8e      0x11f ./Drivers/STM32F3xx_HAL_Driver/stm32f3xx_hal_adc_ex.o
 .debug_rnglists
                0x00000fad       0xfa ./Drivers/STM32F3xx_HAL_Driver/stm32f3xx_hal_cortex.o
 .debug_rnglists
                0x000010a7       0x9b ./Drivers/STM32F3xx_HAL_Driver/stm32f3xx_hal_dma.o
 .debug_rnglists
                0x00001142       0x4d ./Drivers/STM32F3xx_HAL_Driver/stm32f3xx_hal_gpio.o
 .debug_rnglists
                0x0000118f      0x22b ./Drivers/STM32F3xx_HAL_Driver/stm32f3xx_hal_rcc.o
 .debug_rnglists
                0x000013ba       0x95 ./Drivers/STM32F3xx_HAL_Driver/stm32f3xx_hal_rcc_ex.o
 .debug_rnglists
                0x0000144f      0x5c8 ./Drivers/STM32F3xx_HAL_Driver/stm32f3xx_hal_tim.o
 .debug_rnglists
                0x00001a17      0x197 ./Drivers/STM32F3xx_HAL_Driver/stm32f3xx_hal_tim_ex.o
 .debug_rnglists
                0x00001bae      0x463 ./Drivers/STM32F3xx_HAL_Driver/stm32f3xx_hal_uart.o
 .debug_rnglists
                0x00002011       0x19 ./Middlewares/MotorControl/bus_voltage_sensor.o
 .debug_rnglists
                0x0000202a       0x40 ./Middlewares/MotorControl/ntc_temperature_sensor.o
 .debug_rnglists
                0x0000206a       0x9e ./Middlewares/MotorControl/pid_regulator.o
 .debug_rnglists
                0x00002108       0x37 ./Middlewares/MotorControl/r_divider_bus_voltage_sensor.o
 .debug_rnglists
                0x0000213f       0x52 ./Middlewares/MotorControl/revup_ctrl_sixstep.o
 .debug_rnglists
                0x00002191       0x25 ./Middlewares/MotorControl/speed_pos_fdbk_sixstep.o

.debug_loclists
                0x00000000    0x1542b
 .debug_loclists
                0x00000000     0x11b3 ./Application/User/aspep.o
 .debug_loclists
                0x000011b3      0xcd4 ./Application/User/bemf_ADC_fdbk_sixstep.o
 .debug_loclists
                0x00001e87      0x642 ./Application/User/mc_interface.o
 .debug_loclists
                0x000024c9      0x2b6 ./Application/User/mc_perf.o
 .debug_loclists
                0x0000277f      0x226 ./Application/User/mc_tasks.o
 .debug_loclists
                0x000029a5       0xd0 ./Application/User/mc_tasks_sixstep.o
 .debug_loclists
                0x00002a75      0x56a ./Application/User/mcp.o
 .debug_loclists
                0x00002fdf      0x487 ./Application/User/pwmc_sixstep.o
 .debug_loclists
                0x00003466      0x2f6 ./Application/User/regular_conversion_manager.o
 .debug_loclists
                0x0000375c      0x25f ./Application/User/speed_duty_ctrl.o
 .debug_loclists
                0x000039bb      0x392 ./Application/User/stm32_mc_common_it.o
 .debug_loclists
                0x00003d4d       0xd4 ./Application/User/stm32f30x_mc_it.o
 .debug_loclists
                0x00003e21      0x135 ./Application/User/stm32f3xx_hal_msp.o
 .debug_loclists
                0x00003f56     0x25cc ./Application/User/sync_registers.o
 .debug_loclists
                0x00006522      0x743 ./Application/User/usart_aspep_driver.o
 .debug_loclists
                0x00006c65       0xc9 ./Drivers/CMSIS/system_stm32f3xx.o
 .debug_loclists
                0x00006d2e       0xf4 ./Drivers/STM32F3xx_HAL_Driver/stm32f3xx_hal.o
 .debug_loclists
                0x00006e22     0x18da ./Drivers/STM32F3xx_HAL_Driver/stm32f3xx_hal_adc_ex.o
 .debug_loclists
                0x000086fc      0x5dd ./Drivers/STM32F3xx_HAL_Driver/stm32f3xx_hal_cortex.o
 .debug_loclists
                0x00008cd9      0x51f ./Drivers/STM32F3xx_HAL_Driver/stm32f3xx_hal_dma.o
 .debug_loclists
                0x000091f8      0x4ad ./Drivers/STM32F3xx_HAL_Driver/stm32f3xx_hal_gpio.o
 .debug_loclists
                0x000096a5      0x92c ./Drivers/STM32F3xx_HAL_Driver/stm32f3xx_hal_rcc.o
 .debug_loclists
                0x00009fd1      0x6d3 ./Drivers/STM32F3xx_HAL_Driver/stm32f3xx_hal_rcc_ex.o
 .debug_loclists
                0x0000a6a4     0x4f27 ./Drivers/STM32F3xx_HAL_Driver/stm32f3xx_hal_tim.o
 .debug_loclists
                0x0000f5cb     0x1204 ./Drivers/STM32F3xx_HAL_Driver/stm32f3xx_hal_tim_ex.o
 .debug_loclists
                0x000107cf     0x4185 ./Drivers/STM32F3xx_HAL_Driver/stm32f3xx_hal_uart.o
 .debug_loclists
                0x00014954       0x6c ./Middlewares/MotorControl/bus_voltage_sensor.o
 .debug_loclists
                0x000149c0      0x165 ./Middlewares/MotorControl/ntc_temperature_sensor.o
 .debug_loclists
                0x00014b25      0x3c2 ./Middlewares/MotorControl/pid_regulator.o
 .debug_loclists
                0x00014ee7       0xf1 ./Middlewares/MotorControl/r_divider_bus_voltage_sensor.o
 .debug_loclists
                0x00014fd8      0x33c ./Middlewares/MotorControl/revup_ctrl_sixstep.o
 .debug_loclists
                0x00015314      0x117 ./Middlewares/MotorControl/speed_pos_fdbk_sixstep.o

.debug_macro    0x00000000    0x28b43
 .debug_macro   0x00000000      0x2f1 ./Application/User/aspep.o
 .debug_macro   0x000002f1      0xb02 ./Application/User/aspep.o
 .debug_macro   0x00000df3       0x22 ./Application/User/aspep.o
 .debug_macro   0x00000e15       0x8e ./Application/User/aspep.o
 .debug_macro   0x00000ea3       0x51 ./Application/User/aspep.o
 .debug_macro   0x00000ef4      0x103 ./Application/User/aspep.o
 .debug_macro   0x00000ff7       0x6a ./Application/User/aspep.o
 .debug_macro   0x00001061      0x1df ./Application/User/aspep.o
 .debug_macro   0x00001240       0x22 ./Application/User/aspep.o
 .debug_macro   0x00001262       0x10 ./Application/User/aspep.o
 .debug_macro   0x00001272       0x2e ./Application/User/aspep.o
 .debug_macro   0x000012a0       0x28 ./Application/User/aspep.o
 .debug_macro   0x000012c8       0x1c ./Application/User/aspep.o
 .debug_macro   0x000012e4       0x22 ./Application/User/aspep.o
 .debug_macro   0x00001306       0xd9 ./Application/User/aspep.o
 .debug_macro   0x000013df     0x102d ./Application/User/aspep.o
 .debug_macro   0x0000240c      0x11f ./Application/User/aspep.o
 .debug_macro   0x0000252b    0x12a3a ./Application/User/aspep.o
 .debug_macro   0x00014f65       0x6d ./Application/User/aspep.o
 .debug_macro   0x00014fd2      0x164 ./Application/User/aspep.o
 .debug_macro   0x00015136     0x3574 ./Application/User/aspep.o
 .debug_macro   0x000186aa      0x190 ./Application/User/aspep.o
 .debug_macro   0x0001883a       0x55 ./Application/User/aspep.o
 .debug_macro   0x0001888f      0x961 ./Application/User/aspep.o
 .debug_macro   0x000191f0      0x5fe ./Application/User/aspep.o
 .debug_macro   0x000197ee      0x1b5 ./Application/User/aspep.o
 .debug_macro   0x000199a3      0x1fb ./Application/User/aspep.o
 .debug_macro   0x00019b9e      0x1dc ./Application/User/aspep.o
 .debug_macro   0x00019d7a      0x1bc ./Application/User/aspep.o
 .debug_macro   0x00019f36       0x30 ./Application/User/aspep.o
 .debug_macro   0x00019f66       0x3c ./Application/User/aspep.o